Component: ARM Compiler 5.06 update 7 (build 960) Tool: armlink [4d3601]

==============================================================================

Section Cross References

    startup_stm32f10x_md.o(RESET) refers to startup_stm32f10x_md.o(STACK) for __initial_sp
    startup_stm32f10x_md.o(RESET) refers to startup_stm32f10x_md.o(.text) for Reset_Handler
    startup_stm32f10x_md.o(RESET) refers to stm32f10x_it.o(i.NMI_Handler) for NMI_Handler
    startup_stm32f10x_md.o(RESET) refers to stm32f10x_it.o(i.HardFault_Handler) for HardFault_Handler
    startup_stm32f10x_md.o(RESET) refers to stm32f10x_it.o(i.MemManage_Handler) for MemManage_Handler
    startup_stm32f10x_md.o(RESET) refers to stm32f10x_it.o(i.BusFault_Handler) for BusFault_Handler
    startup_stm32f10x_md.o(RESET) refers to stm32f10x_it.o(i.UsageFault_Handler) for UsageFault_Handler
    startup_stm32f10x_md.o(RESET) refers to stm32f10x_it.o(i.SVC_Handler) for SVC_Handler
    startup_stm32f10x_md.o(RESET) refers to stm32f10x_it.o(i.DebugMon_Handler) for DebugMon_Handler
    startup_stm32f10x_md.o(RESET) refers to stm32f10x_it.o(i.PendSV_Handler) for PendSV_Handler
    startup_stm32f10x_md.o(RESET) refers to stm32f10x_it.o(i.SysTick_Handler) for SysTick_Handler
    startup_stm32f10x_md.o(RESET) refers to wdg.o(i.WWDG_IRQHandler) for WWDG_IRQHandler
    startup_stm32f10x_md.o(RESET) refers to main.o(i.TIM1_UP_IRQHandler) for TIM1_UP_IRQHandler
    startup_stm32f10x_md.o(RESET) refers to hc_sr04.o(i.TIM3_IRQHandler) for TIM3_IRQHandler
    startup_stm32f10x_md.o(RESET) refers to usart.o(i.USART1_IRQHandler) for USART1_IRQHandler
    startup_stm32f10x_md.o(.text) refers to system_stm32f10x.o(i.SystemInit) for SystemInit
    startup_stm32f10x_md.o(.text) refers to entry.o(.ARM.Collect$$$$00000000) for __main
    system_stm32f10x.o(i.SetSysClock) refers to system_stm32f10x.o(i.SetSysClockTo72) for SetSysClockTo72
    system_stm32f10x.o(i.SystemCoreClockUpdate) refers to system_stm32f10x.o(.data) for SystemCoreClock
    system_stm32f10x.o(i.SystemInit) refers to system_stm32f10x.o(i.SetSysClock) for SetSysClock
    stm32f10x_adc.o(i.ADC_DeInit) refers to stm32f10x_rcc.o(i.RCC_APB2PeriphResetCmd) for RCC_APB2PeriphResetCmd
    stm32f10x_bkp.o(i.BKP_DeInit) refers to stm32f10x_rcc.o(i.RCC_BackupResetCmd) for RCC_BackupResetCmd
    stm32f10x_can.o(i.CAN_DeInit) refers to stm32f10x_rcc.o(i.RCC_APB1PeriphResetCmd) for RCC_APB1PeriphResetCmd
    stm32f10x_can.o(i.CAN_GetITStatus) refers to stm32f10x_can.o(i.CheckITStatus) for CheckITStatus
    stm32f10x_cec.o(i.CEC_DeInit) refers to stm32f10x_rcc.o(i.RCC_APB1PeriphResetCmd) for RCC_APB1PeriphResetCmd
    stm32f10x_dac.o(i.DAC_DeInit) refers to stm32f10x_rcc.o(i.RCC_APB1PeriphResetCmd) for RCC_APB1PeriphResetCmd
    stm32f10x_flash.o(i.FLASH_EnableWriteProtection) refers to stm32f10x_flash.o(i.FLASH_WaitForLastOperation) for FLASH_WaitForLastOperation
    stm32f10x_flash.o(i.FLASH_EraseAllBank1Pages) refers to stm32f10x_flash.o(i.FLASH_WaitForLastBank1Operation) for FLASH_WaitForLastBank1Operation
    stm32f10x_flash.o(i.FLASH_EraseAllPages) refers to stm32f10x_flash.o(i.FLASH_WaitForLastOperation) for FLASH_WaitForLastOperation
    stm32f10x_flash.o(i.FLASH_EraseOptionBytes) refers to stm32f10x_flash.o(i.FLASH_GetReadOutProtectionStatus) for FLASH_GetReadOutProtectionStatus
    stm32f10x_flash.o(i.FLASH_EraseOptionBytes) refers to stm32f10x_flash.o(i.FLASH_WaitForLastOperation) for FLASH_WaitForLastOperation
    stm32f10x_flash.o(i.FLASH_ErasePage) refers to stm32f10x_flash.o(i.FLASH_WaitForLastOperation) for FLASH_WaitForLastOperation
    stm32f10x_flash.o(i.FLASH_ProgramHalfWord) refers to stm32f10x_flash.o(i.FLASH_WaitForLastOperation) for FLASH_WaitForLastOperation
    stm32f10x_flash.o(i.FLASH_ProgramOptionByteData) refers to stm32f10x_flash.o(i.FLASH_WaitForLastOperation) for FLASH_WaitForLastOperation
    stm32f10x_flash.o(i.FLASH_ProgramWord) refers to stm32f10x_flash.o(i.FLASH_WaitForLastOperation) for FLASH_WaitForLastOperation
    stm32f10x_flash.o(i.FLASH_ReadOutProtection) refers to stm32f10x_flash.o(i.FLASH_WaitForLastOperation) for FLASH_WaitForLastOperation
    stm32f10x_flash.o(i.FLASH_UserOptionByteConfig) refers to stm32f10x_flash.o(i.FLASH_WaitForLastOperation) for FLASH_WaitForLastOperation
    stm32f10x_flash.o(i.FLASH_WaitForLastBank1Operation) refers to stm32f10x_flash.o(i.FLASH_GetBank1Status) for FLASH_GetBank1Status
    stm32f10x_flash.o(i.FLASH_WaitForLastOperation) refers to stm32f10x_flash.o(i.FLASH_GetBank1Status) for FLASH_GetBank1Status
    stm32f10x_gpio.o(i.GPIO_AFIODeInit) refers to stm32f10x_rcc.o(i.RCC_APB2PeriphResetCmd) for RCC_APB2PeriphResetCmd
    stm32f10x_gpio.o(i.GPIO_DeInit) refers to stm32f10x_rcc.o(i.RCC_APB2PeriphResetCmd) for RCC_APB2PeriphResetCmd
    stm32f10x_i2c.o(i.I2C_DeInit) refers to stm32f10x_rcc.o(i.RCC_APB1PeriphResetCmd) for RCC_APB1PeriphResetCmd
[...]
    Removing stm32f10x_spi.o(i.SPI_CalculateCRC), (24 bytes).
    Removing stm32f10x_spi.o(i.SPI_Cmd), (24 bytes).
    Removing stm32f10x_spi.o(i.SPI_DataSizeConfig), (18 bytes).
    Removing stm32f10x_spi.o(i.SPI_GetCRC), (16 bytes).
    Removing stm32f10x_spi.o(i.SPI_GetCRCPolynomial), (6 bytes).
    Removing stm32f10x_spi.o(i.SPI_I2S_ClearFlag), (6 bytes).
    Removing stm32f10x_spi.o(i.SPI_I2S_ClearITPendingBit), (20 bytes).
    Removing stm32f10x_spi.o(i.SPI_I2S_DMACmd), (18 bytes).
    Removing stm32f10x_spi.o(i.SPI_I2S_DeInit), (88 bytes).
    Removing stm32f10x_spi.o(i.SPI_I2S_GetFlagStatus), (18 bytes).
    Removing stm32f10x_spi.o(i.SPI_I2S_GetITStatus), (52 bytes).
    Removing stm32f10x_spi.o(i.SPI_I2S_ITConfig), (32 bytes).
    Removing stm32f10x_spi.o(i.SPI_I2S_ReceiveData), (6 bytes).
    Removing stm32f10x_spi.o(i.SPI_I2S_SendData), (4 bytes).
    Removing stm32f10x_spi.o(i.SPI_Init), (60 bytes).
    Removing stm32f10x_spi.o(i.SPI_NSSInternalSoftwareConfig), (30 bytes).
    Removing stm32f10x_spi.o(i.SPI_SSOutputCmd), (24 bytes).
    Removing stm32f10x_spi.o(i.SPI_StructInit), (24 bytes).
    Removing stm32f10x_spi.o(i.SPI_TransmitCRC), (10 bytes).
    Removing stm32f10x_tim.o(i.TI1_Config), (128 bytes).
    Removing stm32f10x_tim.o(i.TI2_Config), (152 bytes).
    Removing stm32f10x_tim.o(i.TI3_Config), (144 bytes).
    Removing stm32f10x_tim.o(i.TI4_Config), (152 bytes).
    Removing stm32f10x_tim.o(i.TIM_ARRPreloadConfig), (24 bytes).
    Removing stm32f10x_tim.o(i.TIM_BDTRConfig), (32 bytes).
    Removing stm32f10x_tim.o(i.TIM_BDTRStructInit), (18 bytes).
    Removing stm32f10x_tim.o(i.TIM_CCPreloadControl), (24 bytes).
    Removing stm32f10x_tim.o(i.TIM_CCxCmd), (30 bytes).
    Removing stm32f10x_tim.o(i.TIM_CCxNCmd), (30 bytes).
    Removing stm32f10x_tim.o(i.TIM_ClearOC1Ref), (18 bytes).
    Removing stm32f10x_tim.o(i.TIM_ClearOC2Ref), (24 bytes).
    Removing stm32f10x_tim.o(i.TIM_ClearOC3Ref), (18 bytes).
    Removing stm32f10x_tim.o(i.TIM_ClearOC4Ref), (24 bytes).
    Removing stm32f10x_tim.o(i.TIM_CounterModeConfig), (18 bytes).
    Removing stm32f10x_tim.o(i.TIM_DMACmd), (18 bytes).
    Removing stm32f10x_tim.o(i.TIM_DMAConfig), (10 bytes).
    Removing stm32f10x_tim.o(i.TIM_DeInit), (488 bytes).
    Removing stm32f10x_tim.o(i.TIM_ETRClockMode1Config), (54 bytes).
    Removing stm32f10x_tim.o(i.TIM_ETRClockMode2Config), (32 bytes).
    Removing stm32f10x_tim.o(i.TIM_ETRConfig), (28 bytes).
    Removing stm32f10x_tim.o(i.TIM_EncoderInterfaceConfig), (66 bytes).
    Removing stm32f10x_tim.o(i.TIM_ForcedOC1Config), (18 bytes).
    Removing stm32f10x_tim.o(i.TIM_ForcedOC2Config), (26 bytes).
    Removing stm32f10x_tim.o(i.TIM_ForcedOC3Config), (18 bytes).
    Removing stm32f10x_tim.o(i.TIM_ForcedOC4Config), (26 bytes).
    Removing stm32f10x_tim.o(i.TIM_GenerateEvent), (4 bytes).
    Removing stm32f10x_tim.o(i.TIM_GetCounter), (6 bytes).
    Removing stm32f10x_tim.o(i.TIM_GetFlagStatus), (18 bytes).
    Removing stm32f10x_tim.o(i.TIM_GetPrescaler), (6 bytes).
    Removing stm32f10x_tim.o(i.TIM_ICInit), (172 bytes).
    Removing stm32f10x_tim.o(i.TIM_ICStructInit), (18 bytes).
    Removing stm32f10x_tim.o(i.TIM_ITRxExternalClockConfig), (24 bytes).
    Removing stm32f10x_tim.o(i.TIM_OC1FastConfig), (18 bytes).
    Removing stm32f10x_tim.o(i.TIM_OC1NPolarityConfig), (18 bytes).
    Removing stm32f10x_tim.o(i.TIM_OC1PolarityConfig), (18 bytes).
    Removing stm32f10x_tim.o(i.TIM_OC1PreloadConfig), (18 bytes).
    Removing stm32f10x_tim.o(i.TIM_OC2FastConfig), (26 bytes).
    Removing stm32f10x_tim.o(i.TIM_OC2NPolarityConfig), (26 bytes).
    Removing stm32f10x_tim.o(i.TIM_OC2PolarityConfig), (26 bytes).
    Removing stm32f10x_tim.o(i.TIM_OC2PreloadConfig), (26 bytes).
    Removing stm32f10x_tim.o(i.TIM_OC3FastConfig), (18 bytes).
    Removing stm32f10x_tim.o(i.TIM_OC3NPolarityConfig), (26 bytes).
    Removing stm32f10x_tim.o(i.TIM_OC3PolarityConfig), (26 bytes).
    Removing stm32f10x_tim.o(i.TIM_OC3PreloadConfig), (18 bytes).
    Removing stm32f10x_tim.o(i.TIM_OC4FastConfig), (26 bytes).
    Removing stm32f10x_tim.o(i.TIM_OC4PolarityConfig), (26 bytes).
    Removing stm32f10x_tim.o(i.TIM_OC4PreloadConfig), (26 bytes).
    Removing stm32f10x_tim.o(i.TIM_PWMIConfig), (124 bytes).
    Removing stm32f10x_tim.o(i.TIM_PrescalerConfig), (6 bytes).
    Removing stm32f10x_tim.o(i.TIM_SelectCCDMA), (24 bytes).
    Removing stm32f10x_tim.o(i.TIM_SelectCOM), (24 bytes).
    Removing stm32f10x_tim.o(i.TIM_SelectHallSensor), (24 bytes).
    Removing stm32f10x_tim.o(i.TIM_SelectInputTrigger), (18 bytes).
    Removing stm32f10x_tim.o(i.TIM_SelectMasterSlaveMode), (18 bytes).
    Removing stm32f10x_tim.o(i.TIM_SelectOCxM), (82 bytes).
    Removing stm32f10x_tim.o(i.TIM_SelectOnePulseMode), (18 bytes).
    Removing stm32f10x_tim.o(i.TIM_SelectOutputTrigger), (18 bytes).
    Removing stm32f10x_tim.o(i.TIM_SelectSlaveMode), (18 bytes).
    Removing stm32f10x_tim.o(i.TIM_SetAutoreload), (4 bytes).
    Removing stm32f10x_tim.o(i.TIM_SetClockDivision), (18 bytes).
    Removing stm32f10x_tim.o(i.TIM_SetCounter), (4 bytes).
    Removing stm32f10x_tim.o(i.TIM_SetIC1Prescaler), (18 bytes).
    Removing stm32f10x_tim.o(i.TIM_SetIC2Prescaler), (26 bytes).
    Removing stm32f10x_tim.o(i.TIM_SetIC3Prescaler), (18 bytes).
    Removing stm32f10x_tim.o(i.TIM_SetIC4Prescaler), (26 bytes).
    Removing stm32f10x_tim.o(i.TIM_TIxExternalClockConfig), (62 bytes).
    Removing stm32f10x_tim.o(i.TIM_TimeBaseStructInit), (18 bytes).
    Removing stm32f10x_tim.o(i.TIM_UpdateDisableConfig), (24 bytes).
    Removing stm32f10x_tim.o(i.TIM_UpdateRequestConfig), (24 bytes).
    Removing stm32f10x_usart.o(i.USART_ClearFlag), (18 bytes).
    Removing stm32f10x_usart.o(i.USART_ClockInit), (34 bytes).
    Removing stm32f10x_usart.o(i.USART_ClockStructInit), (12 bytes).
    Removing stm32f10x_usart.o(i.USART_DMACmd), (18 bytes).
    Removing stm32f10x_usart.o(i.USART_DeInit), (156 bytes).
    Removing stm32f10x_usart.o(i.USART_GetITStatus), (84 bytes).
    Removing stm32f10x_usart.o(i.USART_HalfDuplexCmd), (24 bytes).
    Removing stm32f10x_usart.o(i.USART_IrDACmd), (24 bytes).
    Removing stm32f10x_usart.o(i.USART_IrDAConfig), (18 bytes).
    Removing stm32f10x_usart.o(i.USART_LINBreakDetectLengthConfig), (18 bytes).
    Removing stm32f10x_usart.o(i.USART_LINCmd), (24 bytes).
    Removing stm32f10x_usart.o(i.USART_OneBitMethodCmd), (24 bytes).
    Removing stm32f10x_usart.o(i.USART_OverSampling8Cmd), (22 bytes).
    Removing stm32f10x_usart.o(i.USART_ReceiverWakeUpCmd), (24 bytes).
    Removing stm32f10x_usart.o(i.USART_SendBreak), (10 bytes).
    Removing stm32f10x_usart.o(i.USART_SetAddress), (18 bytes).
    Removing stm32f10x_usart.o(i.USART_SetGuardTime), (16 bytes).
    Removing stm32f10x_usart.o(i.USART_SetPrescaler), (16 bytes).
    Removing stm32f10x_usart.o(i.USART_SmartCardCmd), (24 bytes).
    Removing stm32f10x_usart.o(i.USART_SmartCardNACKCmd), (24 bytes).
    Removing stm32f10x_usart.o(i.USART_StructInit), (24 bytes).
    Removing stm32f10x_usart.o(i.USART_WakeUpConfig), (18 bytes).
    Removing stm32f10x_wwdg.o(i.WWDG_DeInit), (22 bytes).
    Removing stm32f10x_wwdg.o(i.WWDG_Enable), (16 bytes).
    Removing stm32f10x_wwdg.o(i.WWDG_EnableIT), (12 bytes).
    Removing stm32f10x_wwdg.o(i.WWDG_GetFlagStatus), (12 bytes).
    Removing stm32f10x_wwdg.o(i.WWDG_SetPrescaler), (24 bytes).
    Removing stm32f10x_wwdg.o(i.WWDG_SetWindowValue), (40 bytes).
    Removing delay.o(i.Delay_s), (24 bytes).
    Removing timer.o(i.Timer_GetCounter), (12 bytes).
    Removing timer.o(i.Timer_Init), (168 bytes).
    Removing led.o(i.LED1_OFF), (20 bytes).
    Removing led.o(i.LED1_ON), (20 bytes).
    Removing led.o(i.LED1_Turn), (44 bytes).
    Removing led.o(i.LED2_OFF), (20 bytes).
    Removing led.o(i.LED2_ON), (20 bytes).
    Removing led.o(i.LED2_Turn), (44 bytes).
    Removing led.o(i.LED7_OFF), (20 bytes).
    Removing led.o(i.LED7_ON), (20 bytes).
    Removing led.o(i.LED7_Turn), (44 bytes).
    Removing led.o(i.LED8_OFF), (20 bytes).
    Removing led.o(i.LED8_ON), (20 bytes).
    Removing led.o(i.LED8_Turn), (44 bytes).
    Removing key.o(i.Key_GetNum), (164 bytes).
    Removing key.o(i.Key_Init), (44 bytes).
    Removing oled.o(i.OLED_Clear), (42 bytes).
    Removing oled.o(i.OLED_I2C_Init), (80 bytes).
    Removing oled.o(i.OLED_I2C_SendByte), (84 bytes).
    Removing oled.o(i.OLED_I2C_Start), (52 bytes).
    Removing oled.o(i.OLED_I2C_Stop), (40 bytes).
    Removing oled.o(i.OLED_Init), (174 bytes).
    Removing oled.o(i.OLED_Pow), (20 bytes).
    Removing oled.o(i.OLED_SetCursor), (34 bytes).
    Removing oled.o(i.OLED_ShowBinNum), (62 bytes).
    Removing oled.o(i.OLED_ShowChar), (116 bytes).
    Removing oled.o(i.OLED_ShowHexNum), (84 bytes).
    Removing oled.o(i.OLED_ShowNum), (68 bytes).
    Removing oled.o(i.OLED_ShowSignedNum), (102 bytes).
    Removing oled.o(i.OLED_ShowString), (40 bytes).
    Removing oled.o(i.OLED_WriteCommand), (32 bytes).
    Removing oled.o(i.OLED_WriteData), (32 bytes).
    Removing oled.o(.constdata), (1520 bytes).
    Removing pwm.o(i.PWM_Init), (164 bytes).
    Removing pwm.o(i.PWM_SetCompare3), (16 bytes).
    Removing pwm.o(i.PWM_SetCompare4), (16 bytes).
    Removing pwm.o(i.PWM_SetPrescaler), (16 bytes).
    Removing ic.o(i.IC_GetDuty), (36 bytes).
    Removing ic.o(i.IC_GetFreq), (28 bytes).
    Removing ic.o(i.IC_Init), (160 bytes).
    Removing usart.o(i.Usaert1_SendPacket), (28 bytes).
    Removing usart.o(i.Usart1_GetRxData), (12 bytes).
    Removing usart.o(i.Usart1_Pow), (20 bytes).
    Removing usart.o(i.Usart1_SendNum), (58 bytes).
    Removing usart.o(i.Usart1_SendString), (44 bytes).
    Removing usart.o(i._sys_exit), (4 bytes).
    Removing usart.o(i.changeWaveDistance), (12 bytes).
    Removing usart.o(i.fputc), (16 bytes).
    Removing wdg.o(i.Iwdg_Feed), (8 bytes).
    Removing wdg.o(i.Iwdg_Init), (34 bytes).
    Removing wdg.o(i.Wwdg_Init), (68 bytes).
    Removing motor.o(i.Car_TransBackwardLeft), (38 bytes).
    Removing motor.o(i.Car_TransForwardRight), (38 bytes).
    Removing ps2.o(i.PS2_ClearData), (24 bytes).
    Removing ps2.o(i.PS2_Vibration), (82 bytes).
    Removing ps2.o(i.PS2_VibrationMode), (54 bytes).
    Removing cjson.o(i.add_item_to_array), (54 bytes).
    Removing cjson.o(i.add_item_to_object), (122 bytes).
    Removing cjson.o(i.buffer_skip_whitespace), (72 bytes).
    Removing cjson.o(i.cJSON_AddArrayToObject), (48 bytes).
    Removing cjson.o(i.cJSON_AddBoolToObject), (52 bytes).
    Removing cjson.o(i.cJSON_AddFalseToObject), (48 bytes).
    Removing cjson.o(i.cJSON_AddItemReferenceToArray), (36 bytes).
    Removing cjson.o(i.cJSON_AddItemReferenceToObject), (48 bytes).
    Removing cjson.o(i.cJSON_AddItemToArray), (16 bytes).
    Removing cjson.o(i.cJSON_AddItemToObject), (32 bytes).
    Removing cjson.o(i.cJSON_AddItemToObjectCS), (32 bytes).
    Removing cjson.o(i.cJSON_AddNullToObject), (48 bytes).
    Removing cjson.o(i.cJSON_AddNumberToObject), (60 bytes).
    Removing cjson.o(i.cJSON_AddObjectToObject), (48 bytes).
    Removing cjson.o(i.cJSON_AddRawToObject), (52 bytes).
    Removing cjson.o(i.cJSON_AddStringToObject), (52 bytes).
    Removing cjson.o(i.cJSON_AddTrueToObject), (48 bytes).
    Removing cjson.o(i.cJSON_Compare), (384 bytes).
    Removing cjson.o(i.cJSON_CreateArray), (24 bytes).
    Removing cjson.o(i.cJSON_CreateArrayReference), (36 bytes).
    Removing cjson.o(i.cJSON_CreateBool), (32 bytes).
    Removing cjson.o(i.cJSON_CreateDoubleArray), (106 bytes).
    Removing cjson.o(i.cJSON_CreateFalse), (24 bytes).
    Removing cjson.o(i.cJSON_CreateFloatArray), (110 bytes).
    Removing cjson.o(i.cJSON_CreateIntArray), (110 bytes).
    Removing cjson.o(i.cJSON_CreateNull), (24 bytes).
    Removing cjson.o(i.cJSON_CreateNumber), (100 bytes).
    Removing cjson.o(i.cJSON_CreateObject), (24 bytes).
    Removing cjson.o(i.cJSON_CreateObjectReference), (36 bytes).
    Removing cjson.o(i.cJSON_CreateRaw), (52 bytes).
    Removing cjson.o(i.cJSON_CreateString), (52 bytes).
    Removing cjson.o(i.cJSON_CreateStringArray), (100 bytes).
    Removing cjson.o(i.cJSON_CreateStringReference), (36 bytes).
    Removing cjson.o(i.cJSON_CreateTrue), (24 bytes).
    Removing cjson.o(i.cJSON_Delete), (96 bytes).
    Removing cjson.o(i.cJSON_DeleteItemFromArray), (22 bytes).
    Removing cjson.o(i.cJSON_DeleteItemFromObject), (22 bytes).
    Removing cjson.o(i.cJSON_DeleteItemFromObjectCaseSensitive), (22 bytes).
    Removing cjson.o(i.cJSON_DetachItemFromArray), (34 bytes).
    Removing cjson.o(i.cJSON_DetachItemFromObject), (26 bytes).
    Removing cjson.o(i.cJSON_DetachItemFromObjectCaseSensitive), (26 bytes).
    Removing cjson.o(i.cJSON_DetachItemViaPointer), (74 bytes).
    Removing cjson.o(i.cJSON_Duplicate), (18 bytes).
    Removing cjson.o(i.cJSON_Duplicate_rec), (212 bytes).
    Removing cjson.o(i.cJSON_GetArrayItem), (24 bytes).
    Removing cjson.o(i.cJSON_GetArraySize), (28 bytes).
    Removing cjson.o(i.cJSON_GetErrorPtr), (16 bytes).
    Removing cjson.o(i.cJSON_GetNumberValue), (28 bytes).
    Removing cjson.o(i.cJSON_GetObjectItem), (18 bytes).
    Removing cjson.o(i.cJSON_GetObjectItemCaseSensitive), (18 bytes).
    Removing cjson.o(i.cJSON_GetStringValue), (20 bytes).
    Removing cjson.o(i.cJSON_HasObjectItem), (24 bytes).
    Removing cjson.o(i.cJSON_InitHooks), (100 bytes).
    Removing cjson.o(i.cJSON_InsertItemInArray), (86 bytes).
    Removing cjson.o(i.cJSON_IsArray), (22 bytes).
    Removing cjson.o(i.cJSON_IsBool), (24 bytes).
    Removing cjson.o(i.cJSON_IsFalse), (20 bytes).
    Removing cjson.o(i.cJSON_IsInvalid), (20 bytes).
    Removing cjson.o(i.cJSON_IsNull), (22 bytes).
    Removing cjson.o(i.cJSON_IsNumber), (22 bytes).
    Removing cjson.o(i.cJSON_IsObject), (22 bytes).
    Removing cjson.o(i.cJSON_IsRaw), (22 bytes).
    Removing cjson.o(i.cJSON_IsString), (22 bytes).
    Removing cjson.o(i.cJSON_IsTrue), (22 bytes).
    Removing cjson.o(i.cJSON_Minify), (154 bytes).
    Removing cjson.o(i.cJSON_New_Item), (26 bytes).
    Removing cjson.o(i.cJSON_Parse), (16 bytes).
    Removing cjson.o(i.cJSON_ParseWithLength), (20 bytes).
    Removing cjson.o(i.cJSON_ParseWithLengthOpts), (212 bytes).
    Removing cjson.o(i.cJSON_ParseWithOpts), (40 bytes).
    Removing cjson.o(i.cJSON_Print), (20 bytes).
    Removing cjson.o(i.cJSON_PrintBuffered), (96 bytes).
    Removing cjson.o(i.cJSON_PrintPreallocated), (68 bytes).
    Removing cjson.o(i.cJSON_PrintUnformatted), (20 bytes).
    Removing cjson.o(i.cJSON_ReplaceItemInArray), (42 bytes).
    Removing cjson.o(i.cJSON_ReplaceItemInObject), (22 bytes).
    Removing cjson.o(i.cJSON_ReplaceItemInObjectCaseSensitive), (22 bytes).
    Removing cjson.o(i.cJSON_ReplaceItemViaPointer), (100 bytes).
    Removing cjson.o(i.cJSON_SetNumberHelper), (84 bytes).
    Removing cjson.o(i.cJSON_SetValuestring), (136 bytes).
    Removing cjson.o(i.cJSON_Version), (40 bytes).
    Removing cjson.o(i.cJSON_free), (20 bytes).
    Removing cjson.o(i.cJSON_malloc), (20 bytes).
    Removing cjson.o(i.cJSON_strdup), (56 bytes).
    Removing cjson.o(i.case_insensitive_strcmp), (72 bytes).
    Removing cjson.o(i.cast_away_const), (2 bytes).
    Removing cjson.o(i.compare_double), (116 bytes).
    Removing cjson.o(i.create_reference), (60 bytes).
    Removing cjson.o(i.ensure), (184 bytes).
    Removing cjson.o(i.get_array_item), (30 bytes).
    Removing cjson.o(i.get_decimal_point), (4 bytes).
    Removing cjson.o(i.get_object_item), (82 bytes).
    Removing cjson.o(i.minify_string), (116 bytes).
    Removing cjson.o(i.parse_array), (248 bytes).
    Removing cjson.o(i.parse_hex4), (90 bytes).
    Removing cjson.o(i.parse_number), (312 bytes).
    Removing cjson.o(i.parse_object), (332 bytes).
    Removing cjson.o(i.parse_string), (398 bytes).
    Removing cjson.o(i.parse_value), (316 bytes).
    Removing cjson.o(i.print), (188 bytes).
    Removing cjson.o(i.print_array), (178 bytes).
    Removing cjson.o(i.print_number), (340 bytes).
    Removing cjson.o(i.print_object), (372 bytes).
    Removing cjson.o(i.print_string), (16 bytes).
    Removing cjson.o(i.print_string_ptr), (372 bytes).
    Removing cjson.o(i.print_value), (260 bytes).
    Removing cjson.o(i.replace_item_in_object), (96 bytes).
    Removing cjson.o(i.skip_multiline_comment), (50 bytes).
    Removing cjson.o(i.skip_oneline_comment), (42 bytes).
    Removing cjson.o(i.skip_utf8_bom), (60 bytes).
    Removing cjson.o(i.suffix_object), (6 bytes).
    Removing cjson.o(i.update_offset), (36 bytes).
    Removing cjson.o(i.utf16_literal_to_utf8), (300 bytes).
    Removing cjson.o(.bss), (15 bytes).
    Removing cjson.o(.data), (20 bytes).
    Removing dadd.o(.text), (334 bytes).
    Removing dmul.o(.text), (228 bytes).
    Removing dflti.o(.text), (34 bytes).
    Removing dfixi.o(.text), (62 bytes).
    Removing f2d.o(.text), (38 bytes).
    Removing cdcmple.o(.text), (48 bytes).
    Removing cdrcmple.o(.text), (48 bytes).
    Removing depilogue.o(.text), (186 bytes).
    Removing ddiv.o(.text), (222 bytes).
    Removing dfltul.o(.text), (24 bytes).
    Removing dfixul.o(.text), (48 bytes).
    Removing d2f.o(.text), (56 bytes).

619 unused section(s) (total 32499 bytes) removed from the image.

==============================================================================

Image Symbol Table

    Local Symbols

    Symbol Name                              Value     Ov Type        Size  Object(Section)

    ../clib/microlib/ctype/ctype.c           0x00000000   Number         0  isspace_c.o ABSOLUTE
    ../clib/microlib/ctype/ctype.c           0x00000000   Number         0  ctype_c.o ABSOLUTE
    ../clib/microlib/ctype/tolower.c         0x00000000   Number         0  tolower.o ABSOLUTE
    ../clib/microlib/division.c              0x00000000   Number         0  uidiv.o ABSOLUTE
    ../clib/microlib/division.c              0x00000000   Number         0  uldiv.o ABSOLUTE
    ../clib/microlib/init/entry.s            0x00000000   Number         0  entry10b.o ABSOLUTE
    ../clib/microlib/init/entry.s            0x00000000   Number         0  entry11a.o ABSOLUTE
    ../clib/microlib/init/entry.s            0x00000000   Number         0  entry10a.o ABSOLUTE
    ../clib/microlib/init/entry.s            0x00000000   Number         0  entry7b.o ABSOLUTE
    ../clib/microlib/init/entry.s            0x00000000   Number         0  entry8a.o ABSOLUTE
    ../clib/microlib/init/entry.s            0x00000000   Number         0  entry12b.o ABSOLUTE
    ../clib/microlib/init/entry.s            0x00000000   Number         0  entry8b.o ABSOLUTE
    ../clib/microlib/init/entry.s            0x00000000   Number         0  entry.o ABSOLUTE
    ../clib/microlib/init/entry.s            0x00000000   Number         0  entry9a.o ABSOLUTE
    ../clib/microlib/init/entry.s            0x00000000   Number         0  entry9b.o ABSOLUTE
    ../clib/microlib/init/entry.s            0x00000000   Number         0  entry12a.o ABSOLUTE
    ../clib/microlib/init/entry.s            0x00000000   Number         0  entry11b.o ABSOLUTE
    ../clib/microlib/init/entry.s            0x00000000   Number         0  entry5.o ABSOLUTE
    ../clib/microlib/init/entry.s            0x00000000   Number         0  entry2.o ABSOLUTE
    ../clib/microlib/init/entry.s            0x00000000   Number         0  entry7a.o ABSOLUTE
    ../clib/microlib/longlong.c              0x00000000   Number         0  llsshr.o ABSOLUTE
    ../clib/microlib/longlong.c              0x00000000   Number         0  llshl.o ABSOLUTE
    ../clib/microlib/longlong.c              0x00000000   Number         0  llushr.o ABSOLUTE
    ../clib/microlib/malloc/malloc.c         0x00000000   Number         0  malloc.o ABSOLUTE
    ../clib/microlib/malloc/malloc.c         0x00000000   Number         0  malloca.o ABSOLUTE
    ../clib/microlib/malloc/malloc.c         0x00000000   Number         0  mallocra.o ABSOLUTE
    ../clib/microlib/malloc/malloc.c         0x00000000   Number         0  mallocr.o ABSOLUTE
    ../clib/microlib/malloc/mvars.c          0x00000000   Number         0  mvars.o ABSOLUTE
    ../clib/microlib/printf/printf.c         0x00000000   Number         0  printfb.o ABSOLUTE
    ../clib/microlib/printf/printf.c         0x00000000   Number         0  printf0.o ABSOLUTE
    ../clib/microlib/printf/printf.c         0x00000000   Number         0  printf8.o ABSOLUTE
    ../clib/microlib/printf/printf.c         0x00000000   Number         0  printfa.o ABSOLUTE
    ../clib/microlib/printf/printf.c         0x00000000   Number         0  printf3.o ABSOLUTE
    ../clib/microlib/printf/printf.c         0x00000000   Number         0  printf7.o ABSOLUTE
    ../clib/microlib/printf/printf.c         0x00000000   Number         0  printf4.o ABSOLUTE
    ../clib/microlib/printf/printf.c         0x00000000   Number         0  printf2.o ABSOLUTE
    ../clib/microlib/printf/printf.c         0x00000000   Number         0  printf5.o ABSOLUTE
    ../clib/microlib/printf/printf.c         0x00000000   Number         0  printf6.o ABSOLUTE
    ../clib/microlib/printf/printf.c         0x00000000   Number         0  printf1.o ABSOLUTE
    ../clib/microlib/printf/stubs.s          0x00000000   Number         0  stubs.o ABSOLUTE
    ../clib/microlib/string/memcpy.c         0x00000000   Number         0  memcpya.o ABSOLUTE
    ../clib/microlib/string/memcpy.c         0x00000000   Number         0  memcpyb.o ABSOLUTE
    ../clib/microlib/string/memset.c         0x00000000   Number         0  memseta.o ABSOLUTE
    ../clib/microlib/string/strcmp.c         0x00000000   Number         0  strcmp.o ABSOLUTE
    ../clib/microlib/string/strcpy.c         0x00000000   Number         0  strcpy.o ABSOLUTE
    ../clib/microlib/string/strlen.c         0x00000000   Number         0  strlen.o ABSOLUTE
    ../clib/microlib/string/strncmp.c        0x00000000   Number         0  strncmp.o ABSOLUTE
    ../clib/microlib/stubs.s                 0x00000000   Number         0  useno.o ABSOLUTE
    ../clib/microlib/stubs.s                 0x00000000   Number         0  iusefp.o ABSOLUTE
    ../clib/scanf.c                          0x00000000   Number         0  _scanf.o ABSOLUTE
    ../clib/scanf.c                          0x00000000   Number         0  _sgetc.o ABSOLUTE
    ../clib/scanf.c                          0x00000000   Number         0  scanf_char.o ABSOLUTE
    ../clib/scanf.c                          0x00000000   Number         0  strtod.o ABSOLUTE
    ../clib/scanf.c                          0x00000000   Number         0  scanf_fp.o ABSOLUTE
    ../clib/scanf.c                          0x00000000   Number         0  __0sscanf.o ABSOLUTE
    ../fplib/microlib/d2f.c                  0x00000000   Number         0  d2f.o ABSOLUTE
    ../fplib/microlib/f2d.c                  0x00000000   Number         0  f2d.o ABSOLUTE
    ../fplib/microlib/fpadd.c                0x00000000   Number         0  dadd.o ABSOLUTE
    ../fplib/microlib/fpdiv.c                0x00000000   Number         0  fdiv.o ABSOLUTE
    ../fplib/microlib/fpdiv.c                0x00000000   Number         0  ddiv.o ABSOLUTE
    ../fplib/microlib/fpepilogue.c           0x00000000   Number         0  fepilogue.o ABSOLUTE
    ../fplib/microlib/fpepilogue.c           0x00000000   Number         0  depilogue.o ABSOLUTE
    ../fplib/microlib/fpfix.c                0x00000000   Number         0  dfixi.o ABSOLUTE
    ../fplib/microlib/fpfix.c                0x00000000   Number         0  dfixul.o ABSOLUTE
    ../fplib/microlib/fpfix.c                0x00000000   Number         0  ffixi.o ABSOLUTE
    ../fplib/microlib/fpfix.c                0x00000000   Number         0  ffixui.o ABSOLUTE
    ../fplib/microlib/fpflt.c                0x00000000   Number         0  dfltul.o ABSOLUTE
    ../fplib/microlib/fpflt.c                0x00000000   Number         0  ffltui.o ABSOLUTE
    ../fplib/microlib/fpflt.c                0x00000000   Number         0  dflti.o ABSOLUTE
    ../fplib/microlib/fpmul.c                0x00000000   Number         0  dmul.o ABSOLUTE
    ../fplib/microlib/fpmul.c                0x00000000   Number         0  fmul.o ABSOLUTE
    ../mathlib/strtod.c                      0x00000000   Number         0  strtod.o ABSOLUTE
    Hardware\HC_SR04.c                       0x00000000   Number         0  hc_sr04.o ABSOLUTE
    Hardware\IC.c                            0x00000000   Number         0  ic.o ABSOLUTE
    Hardware\Key.c                           0x00000000   Number         0  key.o ABSOLUTE
    Hardware\LED.c                           0x00000000   Number         0  led.o ABSOLUTE
    Hardware\Motor.c                         0x00000000   Number         0  motor.o ABSOLUTE
    Hardware\OLED.c                          0x00000000   Number         0  oled.o ABSOLUTE
    Hardware\PWM.c                           0x00000000   Number         0  pwm.o ABSOLUTE
    Hardware\Sensor.c                        0x00000000   Number         0  sensor.o ABSOLUTE
    Hardware\Usart.c                         0x00000000   Number         0  usart.o ABSOLUTE
    Hardware\Wdg.c                           0x00000000   Number         0  wdg.o ABSOLUTE
    Hardware\cJSON.c                         0x00000000   Number         0  cjson.o ABSOLUTE
    Hardware\ps2.c                           0x00000000   Number         0  ps2.o ABSOLUTE
    Library\misc.c                           0x00000000   Number         0  misc.o ABSOLUTE
    Library\stm32f10x_adc.c                  0x00000000   Number         0  stm32f10x_adc.o ABSOLUTE
    Library\stm32f10x_bkp.c                  0x00000000   Number         0  stm32f10x_bkp.o ABSOLUTE
    Library\stm32f10x_can.c                  0x00000000   Number         0  stm32f10x_can.o ABSOLUTE
    Library\stm32f10x_cec.c                  0x00000000   Number         0  stm32f10x_cec.o ABSOLUTE
    Library\stm32f10x_crc.c                  0x00000000   Number         0  stm32f10x_crc.o ABSOLUTE
    Library\stm32f10x_dac.c                  0x00000000   Number         0  stm32f10x_dac.o ABSOLUTE
    Library\stm32f10x_dbgmcu.c               0x00000000   Number         0  stm32f10x_dbgmcu.o ABSOLUTE
    Library\stm32f10x_dma.c                  0x00000000   Number         0  stm32f10x_dma.o ABSOLUTE
    Library\stm32f10x_exti.c                 0x00000000   Number         0  stm32f10x_exti.o ABSOLUTE
    Library\stm32f10x_flash.c                0x00000000   Number         0  stm32f10x_flash.o ABSOLUTE
    Library\stm32f10x_fsmc.c                 0x00000000   Number         0  stm32f10x_fsmc.o ABSOLUTE
    Library\stm32f10x_gpio.c                 0x00000000   Number         0  stm32f10x_gpio.o ABSOLUTE
    Library\stm32f10x_i2c.c                  0x00000000   Number         0  stm32f10x_i2c.o ABSOLUTE
    Library\stm32f10x_iwdg.c                 0x00000000   Number         0  stm32f10x_iwdg.o ABSOLUTE
    Library\stm32f10x_pwr.c                  0x00000000   Number         0  stm32f10x_pwr.o ABSOLUTE
    Library\stm32f10x_rcc.c                  0x00000000   Number         0  stm32f10x_rcc.o ABSOLUTE
    Library\stm32f10x_rtc.c                  0x00000000   Number         0  stm32f10x_rtc.o ABSOLUTE
    Library\stm32f10x_sdio.c                 0x00000000   Number         0  stm32f10x_sdio.o ABSOLUTE
    Library\stm32f10x_spi.c                  0x00000000   Number         0  stm32f10x_spi.o ABSOLUTE
    Library\stm32f10x_tim.c                  0x00000000   Number         0  stm32f10x_tim.o ABSOLUTE
    Library\stm32f10x_usart.c                0x00000000   Number         0  stm32f10x_usart.o ABSOLUTE
    Library\stm32f10x_wwdg.c                 0x00000000   Number         0  stm32f10x_wwdg.o ABSOLUTE
    Start\\core_cm3.c                        0x00000000   Number         0  core_cm3.o ABSOLUTE
    Start\core_cm3.c                         0x00000000   Number         0  core_cm3.o ABSOLUTE
    Start\startup_stm32f10x_md.s             0x00000000   Number         0  startup_stm32f10x_md.o ABSOLUTE
    Start\system_stm32f10x.c                 0x00000000   Number         0  system_stm32f10x.o ABSOLUTE
    System\Delay.c                           0x00000000   Number         0  delay.o ABSOLUTE
    System\Timer.c                           0x00000000   Number         0  timer.o ABSOLUTE
    User\main.c                              0x00000000   Number         0  main.o ABSOLUTE
    User\stm32f10x_it.c                      0x00000000   Number         0  stm32f10x_it.o ABSOLUTE
    cdcmple.s                                0x00000000   Number         0  cdcmple.o ABSOLUTE
    cdrcmple.s                               0x00000000   Number         0  cdrcmple.o ABSOLUTE
    dc.s                                     0x00000000   Number         0  dc.o ABSOLUTE
    handlers.s                               0x00000000   Number         0  handlers.o ABSOLUTE
    init.s                                   0x00000000   Number         0  init.o ABSOLUTE
    RESET                                    0x08000000   Section      236  startup_stm32f10x_md.o(RESET)
    .ARM.Collect$$$$00000000                 0x080000ec   Section        0  entry.o(.ARM.Collect$$$$00000000)
    .ARM.Collect$$$$00000001                 0x080000ec   Section        4  entry2.o(.ARM.Collect$$$$00000001)
    .ARM.Collect$$$$00000004                 0x080000f0   Section        4  entry5.o(.ARM.Collect$$$$00000004)
    .ARM.Collect$$$$00000008                 0x080000f4   Section        0  entry7b.o(.ARM.Collect$$$$00000008)
    .ARM.Collect$$$$0000000A                 0x080000f4   Section        0  entry8b.o(.ARM.Collect$$$$0000000A)
    .ARM.Collect$$$$0000000B                 0x080000f4   Section        8  entry9a.o(.ARM.Collect$$$$0000000B)
    .ARM.Collect$$$$0000000E                 0x080000fc   Section        4  entry12b.o(.ARM.Collect$$$$0000000E)
    .ARM.Collect$$$$0000000F                 0x08000100   Section        0  entry10a.o(.ARM.Collect$$$$0000000F)
    .ARM.Collect$$$$00000011                 0x08000100   Section        0  entry11a.o(.ARM.Collect$$$$00000011)
    .ARM.Collect$$$$00002712                 0x08000100   Section        4  entry2.o(.ARM.Collect$$$$00002712)
    __lit__00000000                          0x08000100   Data           4  entry2.o(.ARM.Collect$$$$00002712)
    .text                                    0x08000104   Section       36  startup_stm32f10x_md.o(.text)
    .text                                    0x08000128   Section        0  strcmp.o(.text)
    .text                                    0x08000144   Section        0  fmul.o(.text)
    .text                                    0x080001a8   Section        0  fdiv.o(.text)
    .text                                    0x08000224   Section        0  ffltui.o(.text)
    .text                                    0x0800022e   Section        0  ffixi.o(.text)
    .text                                    0x08000260   Section        0  ffixui.o(.text)
    .text                                    0x08000288   Section        0  iusefp.o(.text)
    .text                                    0x08000288   Section        0  fepilogue.o(.text)
    .text                                    0x080002f8   Section       36  init.o(.text)
    i.BusFault_Handler                       0x0800031c   Section        0  stm32f10x_it.o(i.BusFault_Handler)
    i.Car_Backward                           0x08000320   Section        0  motor.o(i.Car_Backward)
    i.Car_Forward                            0x08000346   Section        0  motor.o(i.Car_Forward)
    i.Car_Stop                               0x0800036c   Section        0  motor.o(i.Car_Stop)
    i.Car_TransLeft                          0x08000390   Section        0  motor.o(i.Car_TransLeft)
    i.Car_TransRight                         0x080003b6   Section        0  motor.o(i.Car_TransRight)
    i.Car_TurnLeft                           0x080003dc   Section        0  motor.o(i.Car_TurnLeft)
    i.Car_TurnRight                          0x08000402   Section        0  motor.o(i.Car_TurnRight)
    i.DebugMon_Handler                       0x08000428   Section        0  stm32f10x_it.o(i.DebugMon_Handler)
    i.Delay_ms                               0x0800042a   Section        0  delay.o(i.Delay_ms)
    i.Delay_us                               0x08000442   Section        0  delay.o(i.Delay_us)
    i.GPIO_Init                              0x08000470   Section        0  stm32f10x_gpio.o(i.GPIO_Init)
    i.GPIO_PinRemapConfig                    0x08000588   Section        0  stm32f10x_gpio.o(i.GPIO_PinRemapConfig)
    i.GPIO_ReadInputDataBit                  0x08000618   Section        0  stm32f10x_gpio.o(i.GPIO_ReadInputDataBit)
    i.GPIO_ResetBits                         0x0800062a   Section        0  stm32f10x_gpio.o(i.GPIO_ResetBits)
    i.GPIO_SetBits                           0x0800062e   Section        0  stm32f10x_gpio.o(i.GPIO_SetBits)
    i.GPIO_WriteBit                          0x08000632   Section        0  stm32f10x_gpio.o(i.GPIO_WriteBit)
    i.HC_SR04GPIO_Init                       0x0800063c   Section        0  hc_sr04.o(i.HC_SR04GPIO_Init)
    i.HC_SR04Init                            0x0800068c   Section        0  hc_sr04.o(i.HC_SR04Init)
    i.HC_SR04TIM_Init                        0x08000698   Section        0  hc_sr04.o(i.HC_SR04TIM_Init)
    i.HardFault_Handler                      0x08000708   Section        0  stm32f10x_it.o(i.HardFault_Handler)
    i.LED_Init                               0x0800070c   Section        0  led.o(i.LED_Init)
    i.MemManage_Handler                      0x08000750   Section        0  stm32f10x_it.o(i.MemManage_Handler)
    i.Motor1_SetSpeed                        0x08000754   Section        0  motor.o(i.Motor1_SetSpeed)
    i.Motor2_SetSpeed                        0x08000794   Section        0  motor.o(i.Motor2_SetSpeed)
    i.Motor3_SetSpeed                        0x080007d4   Section        0  motor.o(i.Motor3_SetSpeed)
    i.Motor4_SetSpeed                        0x08000810   Section        0  motor.o(i.Motor4_SetSpeed)
    i.Motor_Init                             0x0800084c   Section        0  motor.o(i.Motor_Init)
    i.NMI_Handler                            0x080009ac   Section        0  stm32f10x_it.o(i.NMI_Handler)
    i.NVIC_Init                              0x080009b0   Section        0  misc.o(i.NVIC_Init)
    i.NVIC_PriorityGroupConfig               0x08000a20   Section        0  misc.o(i.NVIC_PriorityGroupConfig)
    i.PS2_CS_H                               0x08000a34   Section        0  ps2.o(i.PS2_CS_H)
    i.PS2_CS_L                               0x08000a44   Section        0  ps2.o(i.PS2_CS_L)
    i.PS2_Cmd                                0x08000a54   Section        0  ps2.o(i.PS2_Cmd)
    i.PS2_DI                                 0x08000aac   Section        0  ps2.o(i.PS2_DI)
    i.PS2_DO_H                               0x08000ac0   Section        0  ps2.o(i.PS2_DO_H)
    i.PS2_DO_L                               0x08000ad0   Section        0  ps2.o(i.PS2_DO_L)
    i.PS2_Delay_US                           0x08000ae0   Section        0  ps2.o(i.PS2_Delay_US)
    i.PS2_EnterConfing                       0x08000aea   Section        0  ps2.o(i.PS2_EnterConfing)
    i.PS2_ExitConfing                        0x08000b38   Section        0  ps2.o(i.PS2_ExitConfing)
    i.PS2_GPIO_Init                          0x08000b88   Section        0  ps2.o(i.PS2_GPIO_Init)
    i.PS2_Init                               0x08000bcc   Section        0  ps2.o(i.PS2_Init)
    i.PS2_ReadData                           0x08000bf8   Section        0  ps2.o(i.PS2_ReadData)
    i.PS2_SCK_H                              0x08000c44   Section        0  ps2.o(i.PS2_SCK_H)
    i.PS2_SCK_L                              0x08000c54   Section        0  ps2.o(i.PS2_SCK_L)
    i.PS2_ShortPoll                          0x08000c64   Section        0  ps2.o(i.PS2_ShortPoll)
    i.PS2_TurnOnAnalogMode                   0x08000c9a   Section        0  ps2.o(i.PS2_TurnOnAnalogMode)
    i.PendSV_Handler                         0x08000ce8   Section        0  stm32f10x_it.o(i.PendSV_Handler)
    i.RCC_APB1PeriphClockCmd                 0x08000cec   Section        0  stm32f10x_rcc.o(i.RCC_APB1PeriphClockCmd)
    i.RCC_APB2PeriphClockCmd                 0x08000d0c   Section        0  stm32f10x_rcc.o(i.RCC_APB2PeriphClockCmd)
    i.RCC_GetClocksFreq                      0x08000d2c   Section        0  stm32f10x_rcc.o(i.RCC_GetClocksFreq)
    i.SVC_Handler                            0x08000e00   Section        0  stm32f10x_it.o(i.SVC_Handler)
    i.Sensor0_Get_State                      0x08000e04   Section        0  sensor.o(i.Sensor0_Get_State)
    i.Sensor1_Get_State                      0x08000e14   Section        0  sensor.o(i.Sensor1_Get_State)
    i.Sensor2_Get_State                      0x08000e24   Section        0  sensor.o(i.Sensor2_Get_State)
    i.Sensor3_Get_State                      0x08000e34   Section        0  sensor.o(i.Sensor3_Get_State)
    i.Sensor_Init                            0x08000e44   Section        0  sensor.o(i.Sensor_Init)
    i.SetSysClock                            0x08000e70   Section        0  system_stm32f10x.o(i.SetSysClock)
    SetSysClock                              0x08000e71   Thumb Code     8  system_stm32f10x.o(i.SetSysClock)
    i.SetSysClockTo72                        0x08000e78   Section        0  system_stm32f10x.o(i.SetSysClockTo72)
    SetSysClockTo72                          0x08000e79   Thumb Code   214  system_stm32f10x.o(i.SetSysClockTo72)
    i.Sonar                                  0x08000f58   Section        0  hc_sr04.o(i.Sonar)
    i.StringToInt                            0x08000ffc   Section        0  usart.o(i.StringToInt)
    i.SysTick_Handler                        0x0800101c   Section        0  stm32f10x_it.o(i.SysTick_Handler)
    i.SystemInit                             0x08001020   Section        0  system_stm32f10x.o(i.SystemInit)
    i.TIM1_UP_IRQHandler                     0x08001080   Section        0  main.o(i.TIM1_UP_IRQHandler)
    i.TIM3_IRQHandler                        0x080010a4   Section        0  hc_sr04.o(i.TIM3_IRQHandler)
    i.TIM_ClearFlag                          0x080010d0   Section        0  stm32f10x_tim.o(i.TIM_ClearFlag)
    i.TIM_ClearITPendingBit                  0x080010d6   Section        0  stm32f10x_tim.o(i.TIM_ClearITPendingBit)
    i.TIM_Cmd                                0x080010dc   Section        0  stm32f10x_tim.o(i.TIM_Cmd)
    i.TIM_CtrlPWMOutputs                     0x080010f4   Section        0  stm32f10x_tim.o(i.TIM_CtrlPWMOutputs)
    i.TIM_GetCapture1                        0x08001112   Section        0  stm32f10x_tim.o(i.TIM_GetCapture1)
    i.TIM_GetCapture2                        0x08001118   Section        0  stm32f10x_tim.o(i.TIM_GetCapture2)
    i.TIM_GetCapture3                        0x0800111e   Section        0  stm32f10x_tim.o(i.TIM_GetCapture3)
    i.TIM_GetCapture4                        0x08001124   Section        0  stm32f10x_tim.o(i.TIM_GetCapture4)
    i.TIM_GetITStatus                        0x0800112c   Section        0  stm32f10x_tim.o(i.TIM_GetITStatus)
    i.TIM_ITConfig                           0x0800114e   Section        0  stm32f10x_tim.o(i.TIM_ITConfig)
    i.TIM_InternalClockConfig                0x08001160   Section        0  stm32f10x_tim.o(i.TIM_InternalClockConfig)
    i.TIM_OC1Init                            0x0800116c   Section        0  stm32f10x_tim.o(i.TIM_OC1Init)
    i.TIM_OC2Init                            0x08001204   Section        0  stm32f10x_tim.o(i.TIM_OC2Init)
    i.TIM_OC3Init                            0x080012a8   Section        0  stm32f10x_tim.o(i.TIM_OC3Init)
    i.TIM_OC4Init                            0x08001348   Section        0  stm32f10x_tim.o(i.TIM_OC4Init)
    i.TIM_OCStructInit                       0x080013c4   Section        0  stm32f10x_tim.o(i.TIM_OCStructInit)
    i.TIM_SetCompare1                        0x080013d8   Section        0  stm32f10x_tim.o(i.TIM_SetCompare1)
    i.TIM_SetCompare2                        0x080013dc   Section        0  stm32f10x_tim.o(i.TIM_SetCompare2)
    i.TIM_SetCompare3                        0x080013e0   Section        0  stm32f10x_tim.o(i.TIM_SetCompare3)
    i.TIM_SetCompare4                        0x080013e4   Section        0  stm32f10x_tim.o(i.TIM_SetCompare4)
    i.TIM_TimeBaseInit                       0x080013ec   Section        0  stm32f10x_tim.o(i.TIM_TimeBaseInit)
    i.USART1_IRQHandler                      0x08001490   Section        0  usart.o(i.USART1_IRQHandler)
    i.USART_ClearITPendingBit                0x080015e4   Section        0  stm32f10x_usart.o(i.USART_ClearITPendingBit)
    i.USART_Cmd                              0x08001602   Section        0  stm32f10x_usart.o(i.USART_Cmd)
    i.USART_GetFlagStatus                    0x0800161a   Section        0  stm32f10x_usart.o(i.USART_GetFlagStatus)
    i.USART_ITConfig                         0x08001634   Section        0  stm32f10x_usart.o(i.USART_ITConfig)
    i.USART_Init                             0x08001680   Section        0  stm32f10x_usart.o(i.USART_Init)
    i.USART_ReceiveData                      0x08001758   Section        0  stm32f10x_usart.o(i.USART_ReceiveData)
    i.USART_SendData                         0x08001762   Section        0  stm32f10x_usart.o(i.USART_SendData)
    i.UsageFault_Handler                     0x0800176a   Section        0  stm32f10x_it.o(i.UsageFault_Handler)
    i.Usart1_GetRxFlag                       0x08001770   Section        0  usart.o(i.Usart1_GetRxFlag)
    i.Usart1_Init                            0x0800178c   Section        0  usart.o(i.Usart1_Init)
    i.Usart1_SendArray                       0x0800183c   Section        0  usart.o(i.Usart1_SendArray)
    i.Usart1_SendByte                        0x08001858   Section        0  usart.o(i.Usart1_SendByte)
    i.WWDG_ClearFlag                         0x08001878   Section        0  stm32f10x_wwdg.o(i.WWDG_ClearFlag)
    i.WWDG_IRQHandler                        0x08001884   Section        0  wdg.o(i.WWDG_IRQHandler)
    i.WWDG_SetCounter                        0x080018b0   Section        0  stm32f10x_wwdg.o(i.WWDG_SetCounter)
    i.__scatterload_copy                     0x080018c0   Section       14  handlers.o(i.__scatterload_copy)
    i.__scatterload_null                     0x080018ce   Section        2  handlers.o(i.__scatterload_null)
    i.__scatterload_zeroinit                 0x080018d0   Section       14  handlers.o(i.__scatterload_zeroinit)
    i.autoFollowOnlineMod                    0x080018e0   Section        0  main.o(i.autoFollowOnlineMod)
    i.autoFollowOnwaveMod                    0x08001a1c   Section        0  main.o(i.autoFollowOnwaveMod)
    i.getMod                                 0x08001a88   Section        0  usart.o(i.getMod)
    i.getSendFlag                            0x08001a9c   Section        0  usart.o(i.getSendFlag)
    i.getWaveDistance                        0x08001aa8   Section        0  usart.o(i.getWaveDistance)
    i.leverControlMod                        0x08001ab4   Section        0  main.o(i.leverControlMod)
    i.main                                   0x08001bf0   Section        0  main.o(i.main)
    i.nvic_Init                              0x08001d34   Section        0  main.o(i.nvic_Init)
    i.ps2_get_anolog_data                    0x08001d58   Section        0  ps2.o(i.ps2_get_anolog_data)
    i.ps2_get_key_state                      0x08001d64   Section        0  ps2.o(i.ps2_get_key_state)
    i.ps2_key_serch                          0x08001d80   Section        0  ps2.o(i.ps2_key_serch)
    i.ps2_mode_get                           0x08001de4   Section        0  ps2.o(i.ps2_mode_get)
    i.remoteControlMod                       0x08001e18   Section        0  main.o(i.remoteControlMod)
    i.setSendFlag                            0x08001ebc   Section        0  usart.o(i.setSendFlag)
    i.workModController                      0x08001ec8   Section        0  main.o(i.workModController)
    .data                                    0x20000000   Section       20  stm32f10x_rcc.o(.data)
    APBAHBPrescTable                         0x20000000   Data          16  stm32f10x_rcc.o(.data)
    ADCPrescTable                            0x20000010   Data           4  stm32f10x_rcc.o(.data)
    .data                                    0x20000014   Section       24  usart.o(.data)
    .data                                    0x2000002c   Section        1  wdg.o(.data)
    .data                                    0x2000002e   Section        2  hc_sr04.o(.data)
    .data                                    0x20000030   Section      144  ps2.o(.data)
    .data                                    0x200000c0   Section       16  main.o(.data)
    .bss                                     0x200000d0   Section      100  usart.o(.bss)
    .bss                                     0x20000134   Section       21  ps2.o(.bss)
    .bss                                     0x20000149   Section       10  main.o(.bss)
    STACK                                    0x20000158   Section     1024  startup_stm32f10x_md.o(STACK)

    Global Symbols

    Symbol Name                              Value     Ov Type        Size  Object(Section)

    BuildAttributes$$THM_ISAv4$P$D$K$B$S$PE$A:L22UL41UL21$X:L11$S22US41US21$IEEE1$IW$USESV6$~STKCKD$USESV7$~SHL$OTIME$ROPI$IEEEJ$EBA8$MICROLIB$REQ8$PRES8$EABIv2 0x00000000   Number         0  anon$$obj.o ABSOLUTE
    __ARM_use_no_argv                        0x00000000   Number         0  main.o ABSOLUTE
    __use_no_errno                           0x00000000   Number         0  useno.o ABSOLUTE
    __use_no_exception_handling              0x00000000   Number         0  useno.o ABSOLUTE
    __use_no_fp                              0x00000000   Number         0  useno.o ABSOLUTE
    __use_no_heap                            0x00000000   Number         0  useno.o ABSOLUTE
    __use_no_heap_region                     0x00000000   Number         0  useno.o ABSOLUTE
    __use_no_semihosting                     0x00000000   Number         0  useno.o ABSOLUTE
    __use_no_semihosting_swi                 0x00000000   Number         0  useno.o ABSOLUTE
    __use_no_signal_handling                 0x00000000   Number         0  useno.o ABSOLUTE
    _printf_a                                0x00000000   Number         0  stubs.o ABSOLUTE
    _printf_c                                0x00000000   Number         0  stubs.o ABSOLUTE
    _printf_charcount                        0x00000000   Number         0  stubs.o ABSOLUTE
    _printf_d                                0x00000000   Number         0  stubs.o ABSOLUTE
    _printf_e                                0x00000000   Number         0  stubs.o ABSOLUTE
    _printf_f                                0x00000000   Number         0  stubs.o ABSOLUTE
    _printf_flags                            0x00000000   Number         0  stubs.o ABSOLUTE
    _printf_fp_dec                           0x00000000   Number         0  stubs.o ABSOLUTE
    _printf_fp_hex                           0x00000000   Number         0  stubs.o ABSOLUTE
    _printf_g                                0x00000000   Number         0  stubs.o ABSOLUTE
    _printf_i                                0x00000000   Number         0  stubs.o ABSOLUTE
    _printf_int_dec                          0x00000000   Number         0  stubs.o ABSOLUTE
    _printf_l                                0x00000000   Number         0  stubs.o ABSOLUTE
    _printf_lc                               0x00000000   Number         0  stubs.o ABSOLUTE
    _printf_ll                               0x00000000   Number         0  stubs.o ABSOLUTE
    _printf_lld                              0x00000000   Number         0  stubs.o ABSOLUTE
    _printf_lli                              0x00000000   Number         0  stubs.o ABSOLUTE
    _printf_llo                              0x00000000   Number         0  stubs.o ABSOLUTE
    _printf_llu                              0x00000000   Number         0  stubs.o ABSOLUTE
    _printf_llx                              0x00000000   Number         0  stubs.o ABSOLUTE
    _printf_longlong_dec                     0x00000000   Number         0  stubs.o ABSOLUTE
    _printf_longlong_hex                     0x00000000   Number         0  stubs.o ABSOLUTE
    _printf_longlong_oct                     0x00000000   Number         0  stubs.o ABSOLUTE
    _printf_ls                               0x00000000   Number         0  stubs.o ABSOLUTE
    _printf_mbtowc                           0x00000000   Number         0  stubs.o ABSOLUTE
    _printf_n                                0x00000000   Number         0  stubs.o ABSOLUTE
    _printf_o                                0x00000000   Number         0  stubs.o ABSOLUTE
    _printf_p                                0x00000000   Number         0  stubs.o ABSOLUTE
    _printf_percent                          0x00000000   Number         0  stubs.o ABSOLUTE
    _printf_pre_padding                      0x00000000   Number         0  stubs.o ABSOLUTE
    _printf_return_value                     0x00000000   Number         0  stubs.o ABSOLUTE
    _printf_s                                0x00000000   Number         0  stubs.o ABSOLUTE
    _printf_sizespec                         0x00000000   Number         0  stubs.o ABSOLUTE
    _printf_str                              0x00000000   Number         0  stubs.o ABSOLUTE
    _printf_truncate_signed                  0x00000000   Number         0  stubs.o ABSOLUTE
    _printf_truncate_unsigned                0x00000000   Number         0  stubs.o ABSOLUTE
    _printf_u                                0x00000000   Number         0  stubs.o ABSOLUTE
    _printf_wc                               0x00000000   Number         0  stubs.o ABSOLUTE
    _printf_wctomb                           0x00000000   Number         0  stubs.o ABSOLUTE
    _printf_widthprec                        0x00000000   Number         0  stubs.o ABSOLUTE
    _printf_x                                0x00000000   Number         0  stubs.o ABSOLUTE
    __arm_fini_                               - Undefined Weak Reference
    __cpp_initialize__aeabi_                  - Undefined Weak Reference
    __cxa_finalize                            - Undefined Weak Reference
    __decompress                              - Undefined Weak Reference
    _clock_init                               - Undefined Weak Reference
    _microlib_exit                            - Undefined Weak Reference
    _scanf_int                                - Undefined Weak Reference
    _scanf_longlong                           - Undefined Weak Reference
    _scanf_string                             - Undefined Weak Reference
    __Vectors_Size                           0x000000ec   Number         0  startup_stm32f10x_md.o ABSOLUTE
    __Vectors                                0x08000000   Data           4  startup_stm32f10x_md.o(RESET)
    __Vectors_End                            0x080000ec   Data           0  startup_stm32f10x_md.o(RESET)
    __main                                   0x080000ed   Thumb Code     0  entry.o(.ARM.Collect$$$$00000000)
    _main_stk                                0x080000ed   Thumb Code     0  entry2.o(.ARM.Collect$$$$00000001)
    _main_scatterload                        0x080000f1   Thumb Code     0  entry5.o(.ARM.Collect$$$$00000004)
    __main_after_scatterload                 0x080000f5   Thumb Code     0  entry5.o(.ARM.Collect$$$$00000004)
    _main_clock                              0x080000f5   Thumb Code     0  entry7b.o(.ARM.Collect$$$$00000008)
    _main_cpp_init                           0x080000f5   Thumb Code     0  entry8b.o(.ARM.Collect$$$$0000000A)
    _main_init                               0x080000f5   Thumb Code     0  entry9a.o(.ARM.Collect$$$$0000000B)
    __rt_lib_shutdown_fini                   0x080000fd   Thumb Code     0  entry12b.o(.ARM.Collect$$$$0000000E)
    __rt_final_cpp                           0x08000101   Thumb Code     0  entry10a.o(.ARM.Collect$$$$0000000F)
    __rt_final_exit                          0x08000101   Thumb Code     0  entry11a.o(.ARM.Collect$$$$00000011)
    Reset_Handler                            0x08000105   Thumb Code     8  startup_stm32f10x_md.o(.text)
    ADC1_2_IRQHandler                        0x0800011f   Thumb Code     0  startup_stm32f10x_md.o(.text)
    CAN1_RX1_IRQHandler                      0x0800011f   Thumb Code     0  startup_stm32f10x_md.o(.text)
    CAN1_SCE_IRQHandler                      0x0800011f   Thumb Code     0  startup_stm32f10x_md.o(.text)
    DMA1_Channel1_IRQHandler                 0x0800011f   Thumb Code     0  startup_stm32f10x_md.o(.text)
    DMA1_Channel2_IRQHandler                 0x0800011f   Thumb Code     0  startup_stm32f10x_md.o(.text)
    DMA1_Channel3_IRQHandler                 0x0800011f   Thumb Code     0  startup_stm32f10x_md.o(.text)
    DMA1_Channel4_IRQHandler                 0x0800011f   Thumb Code     0  startup_stm32f10x_md.o(.text)
    DMA1_Channel5_IRQHandler                 0x0800011f   Thumb Code     0  startup_stm32f10x_md.o(.text)
    DMA1_Channel6_IRQHandler                 0x0800011f   Thumb Code     0  startup_stm32f10x_md.o(.text)
    DMA1_Channel7_IRQHandler                 0x0800011f   Thumb Code     0  startup_stm32f10x_md.o(.text)
    EXTI0_IRQHandler                         0x0800011f   Thumb Code     0  startup_stm32f10x_md.o(.text)
    EXTI15_10_IRQHandler                     0x0800011f   Thumb Code     0  startup_stm32f10x_md.o(.text)
    EXTI1_IRQHandler                         0x0800011f   Thumb Code     0  startup_stm32f10x_md.o(.text)
    EXTI2_IRQHandler                         0x0800011f   Thumb Code     0  startup_stm32f10x_md.o(.text)
    EXTI3_IRQHandler                         0x0800011f   Thumb Code     0  startup_stm32f10x_md.o(.text)
    EXTI4_IRQHandler                         0x0800011f   Thumb Code     0  startup_stm32f10x_md.o(.text)
    EXTI9_5_IRQHandler                       0x0800011f   Thumb Code     0  startup_stm32f10x_md.o(.text)
    FLASH_IRQHandler                         0x0800011f   Thumb Code     0  startup_stm32f10x_md.o(.text)
    I2C1_ER_IRQHandler                       0x0800011f   Thumb Code     0  startup_stm32f10x_md.o(.text)
    I2C1_EV_IRQHandler                       0x0800011f   Thumb Code     0  startup_stm32f10x_md.o(.text)
    I2C2_ER_IRQHandler                       0x0800011f   Thumb Code     0  startup_stm32f10x_md.o(.text)
    I2C2_EV_IRQHandler                       0x0800011f   Thumb Code     0  startup_stm32f10x_md.o(.text)
    PVD_IRQHandler                           0x0800011f   Thumb Code     0  startup_stm32f10x_md.o(.text)
    RCC_IRQHandler                           0x0800011f   Thumb Code     0  startup_stm32f10x_md.o(.text)
    RTCAlarm_IRQHandler                      0x0800011f   Thumb Code     0  startup_stm32f10x_md.o(.text)
    RTC_IRQHandler                           0x0800011f   Thumb Code     0  startup_stm32f10x_md.o(.text)
    SPI1_IRQHandler                          0x0800011f   Thumb Code     0  startup_stm32f10x_md.o(.text)
    SPI2_IRQHandler                          0x0800011f   Thumb Code     0  startup_stm32f10x_md.o(.text)
    TAMPER_IRQHandler                        0x0800011f   Thumb Code     0  startup_stm32f10x_md.o(.text)
    TIM1_BRK_IRQHandler                      0x0800011f   Thumb Code     0  startup_stm32f10x_md.o(.text)
    TIM1_CC_IRQHandler                       0x0800011f   Thumb Code     0  startup_stm32f10x_md.o(.text)
    TIM1_TRG_COM_IRQHandler                  0x0800011f   Thumb Code     0  startup_stm32f10x_md.o(.text)
    TIM2_IRQHandler                          0x0800011f   Thumb Code     0  startup_stm32f10x_md.o(.text)
    TIM4_IRQHandler                          0x0800011f   Thumb Code     0  startup_stm32f10x_md.o(.text)
    USART2_IRQHandler                        0x0800011f   Thumb Code     0  startup_stm32f10x_md.o(.text)
    USART3_IRQHandler                        0x0800011f   Thumb Code     0  startup_stm32f10x_md.o(.text)
    USBWakeUp_IRQHandler                     0x0800011f   Thumb Code     0  startup_stm32f10x_md.o(.text)
    USB_HP_CAN1_TX_IRQHandler                0x0800011f   Thumb Code     0  startup_stm32f10x_md.o(.text)
    USB_LP_CAN1_RX0_IRQHandler               0x0800011f   Thumb Code     0  startup_stm32f10x_md.o(.text)
    strcmp                                   0x08000129   Thumb Code    28  strcmp.o(.text)
    __aeabi_fmul                             0x08000145   Thumb Code   100  fmul.o(.text)
    __aeabi_fdiv                             0x080001a9   Thumb Code   124  fdiv.o(.text)
    __aeabi_ui2f                             0x08000225   Thumb Code    10  ffltui.o(.text)
    __aeabi_f2iz                             0x0800022f   Thumb Code    50  ffixi.o(.text)
    __aeabi_f2uiz                            0x08000261   Thumb Code    40  ffixui.o(.text)
    __I$use$fp                               0x08000289   Thumb Code     0  iusefp.o(.text)
    _float_round                             0x08000289   Thumb Code    18  fepilogue.o(.text)
    _float_epilogue                          0x0800029b   Thumb Code    92  fepilogue.o(.text)
    __scatterload                            0x080002f9   Thumb Code    28  init.o(.text)
    __scatterload_rt2                        0x080002f9   Thumb Code     0  init.o(.text)
    BusFault_Handler                         0x0800031d   Thumb Code     4  stm32f10x_it.o(i.BusFault_Handler)
    Car_Backward                             0x08000321   Thumb Code    38  motor.o(i.Car_Backward)
    Car_Forward                              0x08000347   Thumb Code    38  motor.o(i.Car_Forward)
    Car_Stop                                 0x0800036d   Thumb Code    36  motor.o(i.Car_Stop)
    Car_TransLeft                            0x08000391   Thumb Code    38  motor.o(i.Car_TransLeft)
    Car_TransRight                           0x080003b7   Thumb Code    38  motor.o(i.Car_TransRight)
    Car_TurnLeft                             0x080003dd   Thumb Code    38  motor.o(i.Car_TurnLeft)
    Car_TurnRight                            0x08000403   Thumb Code    38  motor.o(i.Car_TurnRight)
    DebugMon_Handler                         0x08000429   Thumb Code     2  stm32f10x_it.o(i.DebugMon_Handler)
    Delay_ms                                 0x0800042b   Thumb Code    24  delay.o(i.Delay_ms)
    Delay_us                                 0x08000443   Thumb Code    46  delay.o(i.Delay_us)
    GPIO_Init                                0x08000471   Thumb Code   278  stm32f10x_gpio.o(i.GPIO_Init)
    GPIO_PinRemapConfig                      0x08000589   Thumb Code   138  stm32f10x_gpio.o(i.GPIO_PinRemapConfig)
    GPIO_ReadInputDataBit                    0x08000619   Thumb Code    18  stm32f10x_gpio.o(i.GPIO_ReadInputDataBit)
    GPIO_ResetBits                           0x0800062b   Thumb Code     4  stm32f10x_gpio.o(i.GPIO_ResetBits)
    GPIO_SetBits                             0x0800062f   Thumb Code     4  stm32f10x_gpio.o(i.GPIO_SetBits)
    GPIO_WriteBit                            0x08000633   Thumb Code    10  stm32f10x_gpio.o(i.GPIO_WriteBit)
    HC_SR04GPIO_Init                         0x0800063d   Thumb Code    72  hc_sr04.o(i.HC_SR04GPIO_Init)
    HC_SR04Init                              0x0800068d   Thumb Code    12  hc_sr04.o(i.HC_SR04Init)
    HC_SR04TIM_Init                          0x08000699   Thumb Code   108  hc_sr04.o(i.HC_SR04TIM_Init)
    HardFault_Handler                        0x08000709   Thumb Code     4  stm32f10x_it.o(i.HardFault_Handler)
    LED_Init                                 0x0800070d   Thumb Code    58  led.o(i.LED_Init)
    MemManage_Handler                        0x08000751   Thumb Code     4  stm32f10x_it.o(i.MemManage_Handler)
    Motor1_SetSpeed                          0x08000755   Thumb Code    64  motor.o(i.Motor1_SetSpeed)
    Motor2_SetSpeed                          0x08000795   Thumb Code    64  motor.o(i.Motor2_SetSpeed)
    Motor3_SetSpeed                          0x080007d5   Thumb Code    56  motor.o(i.Motor3_SetSpeed)
    Motor4_SetSpeed                          0x08000811   Thumb Code    56  motor.o(i.Motor4_SetSpeed)
    Motor_Init                               0x0800084d   Thumb Code   338  motor.o(i.Motor_Init)
    NMI_Handler                              0x080009ad   Thumb Code     2  stm32f10x_it.o(i.NMI_Handler)
    NVIC_Init                                0x080009b1   Thumb Code   100  misc.o(i.NVIC_Init)
    NVIC_PriorityGroupConfig                 0x08000a21   Thumb Code    10  misc.o(i.NVIC_PriorityGroupConfig)
    PS2_CS_H                                 0x08000a35   Thumb Code    12  ps2.o(i.PS2_CS_H)
    PS2_CS_L                                 0x08000a45   Thumb Code    12  ps2.o(i.PS2_CS_L)
    PS2_Cmd                                  0x08000a55   Thumb Code    86  ps2.o(i.PS2_Cmd)
    PS2_DI                                   0x08000aad   Thumb Code    16  ps2.o(i.PS2_DI)
    PS2_DO_H                                 0x08000ac1   Thumb Code    12  ps2.o(i.PS2_DO_H)
    PS2_DO_L                                 0x08000ad1   Thumb Code    12  ps2.o(i.PS2_DO_L)
    PS2_Delay_US                             0x08000ae1   Thumb Code    10  ps2.o(i.PS2_Delay_US)
    PS2_EnterConfing                         0x08000aeb   Thumb Code    78  ps2.o(i.PS2_EnterConfing)
    PS2_ExitConfing                          0x08000b39   Thumb Code    78  ps2.o(i.PS2_ExitConfing)
    PS2_GPIO_Init                            0x08000b89   Thumb Code    64  ps2.o(i.PS2_GPIO_Init)
    PS2_Init                                 0x08000bcd   Thumb Code    44  ps2.o(i.PS2_Init)
    PS2_ReadData                             0x08000bf9   Thumb Code    66  ps2.o(i.PS2_ReadData)
    PS2_SCK_H                                0x08000c45   Thumb Code    12  ps2.o(i.PS2_SCK_H)
    PS2_SCK_L                                0x08000c55   Thumb Code    12  ps2.o(i.PS2_SCK_L)
    PS2_ShortPoll                            0x08000c65   Thumb Code    54  ps2.o(i.PS2_ShortPoll)
    PS2_TurnOnAnalogMode                     0x08000c9b   Thumb Code    78  ps2.o(i.PS2_TurnOnAnalogMode)
    PendSV_Handler                           0x08000ce9   Thumb Code     2  stm32f10x_it.o(i.PendSV_Handler)
    RCC_APB1PeriphClockCmd                   0x08000ced   Thumb Code    26  stm32f10x_rcc.o(i.RCC_APB1PeriphClockCmd)
    RCC_APB2PeriphClockCmd                   0x08000d0d   Thumb Code    26  stm32f10x_rcc.o(i.RCC_APB2PeriphClockCmd)
    RCC_GetClocksFreq                        0x08000d2d   Thumb Code   192  stm32f10x_rcc.o(i.RCC_GetClocksFreq)
    SVC_Handler                              0x08000e01   Thumb Code     2  stm32f10x_it.o(i.SVC_Handler)
    Sensor0_Get_State                        0x08000e05   Thumb Code    12  sensor.o(i.Sensor0_Get_State)
    Sensor1_Get_State                        0x08000e15   Thumb Code    12  sensor.o(i.Sensor1_Get_State)
    Sensor2_Get_State                        0x08000e25   Thumb Code    12  sensor.o(i.Sensor2_Get_State)
    Sensor3_Get_State                        0x08000e35   Thumb Code    12  sensor.o(i.Sensor3_Get_State)
    Sensor_Init                              0x08000e45   Thumb Code    38  sensor.o(i.Sensor_Init)
    Sonar                                    0x08000f59   Thumb Code   138  hc_sr04.o(i.Sonar)
    StringToInt                              0x08000ffd   Thumb Code    32  usart.o(i.StringToInt)
    SysTick_Handler                          0x0800101d   Thumb Code     2  stm32f10x_it.o(i.SysTick_Handler)
    SystemInit                               0x08001021   Thumb Code    78  system_stm32f10x.o(i.SystemInit)
    TIM1_UP_IRQHandler                       0x08001081   Thumb Code    28  main.o(i.TIM1_UP_IRQHandler)
    TIM3_IRQHandler                          0x080010a5   Thumb Code    34  hc_sr04.o(i.TIM3_IRQHandler)
    TIM_ClearFlag                            0x080010d1   Thumb Code     6  stm32f10x_tim.o(i.TIM_ClearFlag)
    TIM_ClearITPendingBit                    0x080010d7   Thumb Code     6  stm32f10x_tim.o(i.TIM_ClearITPendingBit)
    TIM_Cmd                                  0x080010dd   Thumb Code    24  stm32f10x_tim.o(i.TIM_Cmd)
    TIM_CtrlPWMOutputs                       0x080010f5   Thumb Code    30  stm32f10x_tim.o(i.TIM_CtrlPWMOutputs)
    TIM_GetCapture1                          0x08001113   Thumb Code     6  stm32f10x_tim.o(i.TIM_GetCapture1)
    TIM_GetCapture2                          0x08001119   Thumb Code     6  stm32f10x_tim.o(i.TIM_GetCapture2)
    TIM_GetCapture3                          0x0800111f   Thumb Code     6  stm32f10x_tim.o(i.TIM_GetCapture3)
    TIM_GetCapture4                          0x08001125   Thumb Code     8  stm32f10x_tim.o(i.TIM_GetCapture4)
    TIM_GetITStatus                          0x0800112d   Thumb Code    34  stm32f10x_tim.o(i.TIM_GetITStatus)
    TIM_ITConfig                             0x0800114f   Thumb Code    18  stm32f10x_tim.o(i.TIM_ITConfig)
    TIM_InternalClockConfig                  0x08001161   Thumb Code    12  stm32f10x_tim.o(i.TIM_InternalClockConfig)
    TIM_OC1Init                              0x0800116d   Thumb Code   132  stm32f10x_tim.o(i.TIM_OC1Init)
    TIM_OC2Init                              0x08001205   Thumb Code   154  stm32f10x_tim.o(i.TIM_OC2Init)
    TIM_OC3Init                              0x080012a9   Thumb Code   150  stm32f10x_tim.o(i.TIM_OC3Init)
    TIM_OC4Init                              0x08001349   Thumb Code   114  stm32f10x_tim.o(i.TIM_OC4Init)
    TIM_OCStructInit                         0x080013c5   Thumb Code    20  stm32f10x_tim.o(i.TIM_OCStructInit)
    TIM_SetCompare1                          0x080013d9   Thumb Code     4  stm32f10x_tim.o(i.TIM_SetCompare1)
    TIM_SetCompare2                          0x080013dd   Thumb Code     4  stm32f10x_tim.o(i.TIM_SetCompare2)
    TIM_SetCompare3                          0x080013e1   Thumb Code     4  stm32f10x_tim.o(i.TIM_SetCompare3)
    TIM_SetCompare4                          0x080013e5   Thumb Code     6  stm32f10x_tim.o(i.TIM_SetCompare4)
    TIM_TimeBaseInit                         0x080013ed   Thumb Code   122  stm32f10x_tim.o(i.TIM_TimeBaseInit)
    USART1_IRQHandler                        0x08001491   Thumb Code   302  usart.o(i.USART1_IRQHandler)
    USART_ClearITPendingBit                  0x080015e5   Thumb Code    30  stm32f10x_usart.o(i.USART_ClearITPendingBit)
    USART_Cmd                                0x08001603   Thumb Code    24  stm32f10x_usart.o(i.USART_Cmd)
    USART_GetFlagStatus                      0x0800161b   Thumb Code    26  stm32f10x_usart.o(i.USART_GetFlagStatus)
    USART_ITConfig                           0x08001635   Thumb Code    74  stm32f10x_usart.o(i.USART_ITConfig)
    USART_Init                               0x08001681   Thumb Code   210  stm32f10x_usart.o(i.USART_Init)
    USART_ReceiveData                        0x08001759   Thumb Code    10  stm32f10x_usart.o(i.USART_ReceiveData)
    USART_SendData                           0x08001763   Thumb Code     8  stm32f10x_usart.o(i.USART_SendData)
    UsageFault_Handler                       0x0800176b   Thumb Code     4  stm32f10x_it.o(i.UsageFault_Handler)
    Usart1_GetRxFlag                         0x08001771   Thumb Code    22  usart.o(i.Usart1_GetRxFlag)
    Usart1_Init                              0x0800178d   Thumb Code   166  usart.o(i.Usart1_Init)
    Usart1_SendArray                         0x0800183d   Thumb Code    26  usart.o(i.Usart1_SendArray)
    Usart1_SendByte                          0x08001859   Thumb Code    28  usart.o(i.Usart1_SendByte)
    WWDG_ClearFlag                           0x08001879   Thumb Code     8  stm32f10x_wwdg.o(i.WWDG_ClearFlag)
    WWDG_IRQHandler                          0x08001885   Thumb Code    40  wdg.o(i.WWDG_IRQHandler)
    WWDG_SetCounter                          0x080018b1   Thumb Code    10  stm32f10x_wwdg.o(i.WWDG_SetCounter)
    __scatterload_copy                       0x080018c1   Thumb Code    14  handlers.o(i.__scatterload_copy)
    __scatterload_null                       0x080018cf   Thumb Code     2  handlers.o(i.__scatterload_null)
    __scatterload_zeroinit                   0x080018d1   Thumb Code    14  handlers.o(i.__scatterload_zeroinit)
    autoFollowOnlineMod                      0x080018e1   Thumb Code   304  main.o(i.autoFollowOnlineMod)
    autoFollowOnwaveMod                      0x08001a1d   Thumb Code   106  main.o(i.autoFollowOnwaveMod)
    getMod                                   0x08001a89   Thumb Code    16  usart.o(i.getMod)
    getSendFlag                              0x08001a9d   Thumb Code     6  usart.o(i.getSendFlag)
    getWaveDistance                          0x08001aa9   Thumb Code     6  usart.o(i.getWaveDistance)
    leverControlMod                          0x08001ab5   Thumb Code   302  main.o(i.leverControlMod)
    main                                     0x08001bf1   Thumb Code   312  main.o(i.main)
    nvic_Init                                0x08001d35   Thumb Code    34  main.o(i.nvic_Init)
    ps2_get_anolog_data                      0x08001d59   Thumb Code     8  ps2.o(i.ps2_get_anolog_data)
    ps2_get_key_state                        0x08001d65   Thumb Code    22  ps2.o(i.ps2_get_key_state)
    ps2_key_serch                            0x08001d81   Thumb Code    88  ps2.o(i.ps2_key_serch)
    ps2_mode_get                             0x08001de5   Thumb Code    44  ps2.o(i.ps2_mode_get)
    remoteControlMod                         0x08001e19   Thumb Code   136  main.o(i.remoteControlMod)
    setSendFlag                              0x08001ebd   Thumb Code     6  usart.o(i.setSendFlag)
    workModController                        0x08001ec9   Thumb Code    50  main.o(i.workModController)
    Region$$Table$$Base                      0x08001efc   Number         0  anon$$obj.o(Region$$Table)
    Region$$Table$$Limit                     0x08001f1c   Number         0  anon$$obj.o(Region$$Table)
    __stdout                                 0x20000014   Data           4  usart.o(.data)
    __stdin                                  0x20000018   Data           4  usart.o(.data)
    Rx_Data                                  0x2000001c   Data           1  usart.o(.data)
    Rx_Flag                                  0x2000001d   Data           1  usart.o(.data)
    RxState                                  0x2000001e   Data           1  usart.o(.data)
    pRxPacket                                0x2000001f   Data           1  usart.o(.data)
    mode                                     0x20000020   Data           1  usart.o(.data)
    sendFlag                                 0x20000024   Data           4  usart.o(.data)
    waveDistance                             0x20000028   Data           4  usart.o(.data)
    WwdgReset_Count                          0x2000002c   Data           1  wdg.o(.data)
    TimeCount                                0x2000002e   Data           2  hc_sr04.o(.data)
    Handkey                                  0x20000030   Data           4  ps2.o(.data)
    ps2_mode                                 0x20000034   Data           1  ps2.o(.data)
    Comd                                     0x20000035   Data           9  ps2.o(.data)
    MASK                                     0x20000040   Data         128  ps2.o(.data)
    KeyNum                                   0x200000c0   Data           1  main.o(.data)
    PS2_Mode                                 0x200000c1   Data           1  main.o(.data)
    Last_PS2_Mode                            0x200000c2   Data           1  main.o(.data)
    SensorState                              0x200000c3   Data           4  main.o(.data)
    Area                                     0x200000c7   Data           1  main.o(.data)
    Last_Area                                0x200000c8   Data           1  main.o(.data)
    TXFlag                                   0x200000cc   Data           4  main.o(.data)
    Rx_Packet                                0x200000d0   Data         100  usart.o(.bss)
    Data                                     0x20000134   Data           9  ps2.o(.bss)
    key_search                               0x2000013d   Data          12  ps2.o(.bss)
    TxData                                   0x20000149   Data          10  main.o(.bss)
    __initial_sp                             0x20000558   Data           0  startup_stm32f10x_md.o(STACK)



==============================================================================

Memory Map of the image

  Image Entry point : 0x080000ed

  Load Region LR_IROM1 (Base: 0x08000000, Size: 0x00001fec, Max: 0x00010000, ABSOLUTE)

    Execution Region ER_IROM1 (Exec base: 0x08000000, Load base: 0x08000000, Size: 0x00001f1c, Max: 0x00010000, ABSOLUTE)

    Exec Addr    Load Addr    Size         Type   Attr      Idx    E Section Name        Object

    0x08000000   0x08000000   0x000000ec   Data   RO            3    RESET               startup_stm32f10x_md.o
    0x080000ec   0x080000ec   0x00000000   Code   RO         4828  * .ARM.Collect$$$$00000000  mc_w.l(entry.o)
    0x080000ec   0x080000ec   0x00000004   Code   RO         5166    .ARM.Collect$$$$00000001  mc_w.l(entry2.o)
    0x080000f0   0x080000f0   0x00000004   Code   RO         5169    .ARM.Collect$$$$00000004  mc_w.l(entry5.o)
    0x080000f4   0x080000f4   0x00000000   Code   RO         5171    .ARM.Collect$$$$00000008  mc_w.l(entry7b.o)
    0x080000f4   0x080000f4   0x00000000   Code   RO         5173    .ARM.Collect$$$$0000000A  mc_w.l(entry8b.o)
    0x080000f4   0x080000f4   0x00000008   Code   RO         5174    .ARM.Collect$$$$0000000B  mc_w.l(entry9a.o)
    0x080000fc   0x080000fc   0x00000004   Code   RO         5181    .ARM.Collect$$$$0000000E  mc_w.l(entry12b.o)
    0x08000100   0x08000100   0x00000000   Code   RO         5176    .ARM.Collect$$$$0000000F  mc_w.l(entry10a.o)
    0x08000100   0x08000100   0x00000000   Code   RO         5178    .ARM.Collect$$$$00000011  mc_w.l(entry11a.o)
    0x08000100   0x08000100   0x00000004   Code   RO         5167    .ARM.Collect$$$$00002712  mc_w.l(entry2.o)
    0x08000104   0x08000104   0x00000024   Code   RO            4    .text               startup_stm32f10x_md.o
    0x08000128   0x08000128   0x0000001c   Code   RO         4839    .text               mc_w.l(strcmp.o)
    0x08000144   0x08000144   0x00000064   Code   RO         5142    .text               mf_w.l(fmul.o)
    0x080001a8   0x080001a8   0x0000007c   Code   RO         5144    .text               mf_w.l(fdiv.o)
    0x08000224   0x08000224   0x0000000a   Code   RO         5150    .text               mf_w.l(ffltui.o)
    0x0800022e   0x0800022e   0x00000032   Code   RO         5154    .text               mf_w.l(ffixi.o)
    0x08000260   0x08000260   0x00000028   Code   RO         5156    .text               mf_w.l(ffixui.o)
    0x08000288   0x08000288   0x00000000   Code   RO         5200    .text               mc_w.l(iusefp.o)
    0x08000288   0x08000288   0x0000006e   Code   RO         5201    .text               mf_w.l(fepilogue.o)
    0x080002f6   0x080002f6   0x00000002   PAD
    0x080002f8   0x080002f8   0x00000024   Code   RO         5213    .text               mc_w.l(init.o)
    0x0800031c   0x0800031c   0x00000004   Code   RO         4761    i.BusFault_Handler  stm32f10x_it.o
    0x08000320   0x08000320   0x00000026   Code   RO         3663    i.Car_Backward      motor.o
    0x08000346   0x08000346   0x00000026   Code   RO         3664    i.Car_Forward       motor.o
    0x0800036c   0x0800036c   0x00000024   Code   RO         3665    i.Car_Stop          motor.o
    0x08000390   0x08000390   0x00000026   Code   RO         3668    i.Car_TransLeft     motor.o
    0x080003b6   0x080003b6   0x00000026   Code   RO         3669    i.Car_TransRight    motor.o
    0x080003dc   0x080003dc   0x00000026   Code   RO         3670    i.Car_TurnLeft      motor.o
    0x08000402   0x08000402   0x00000026   Code   RO         3671    i.Car_TurnRight     motor.o
    0x08000428   0x08000428   0x00000002   Code   RO         4762    i.DebugMon_Handler  stm32f10x_it.o
    0x0800042a   0x0800042a   0x00000018   Code   RO         3196    i.Delay_ms          delay.o
    0x08000442   0x08000442   0x0000002e   Code   RO         3198    i.Delay_us          delay.o
    0x08000470   0x08000470   0x00000116   Code   RO         1347    i.GPIO_Init         stm32f10x_gpio.o
    0x08000586   0x08000586   0x00000002   PAD
    0x08000588   0x08000588   0x00000090   Code   RO         1349    i.GPIO_PinRemapConfig  stm32f10x_gpio.o
    0x08000618   0x08000618   0x00000012   Code   RO         1351    i.GPIO_ReadInputDataBit  stm32f10x_gpio.o
    0x0800062a   0x0800062a   0x00000004   Code   RO         1354    i.GPIO_ResetBits    stm32f10x_gpio.o
    0x0800062e   0x0800062e   0x00000004   Code   RO         1355    i.GPIO_SetBits      stm32f10x_gpio.o
    0x08000632   0x08000632   0x0000000a   Code   RO         1358    i.GPIO_WriteBit     stm32f10x_gpio.o
    0x0800063c   0x0800063c   0x00000050   Code   RO         3756    i.HC_SR04GPIO_Init  hc_sr04.o
    0x0800068c   0x0800068c   0x0000000c   Code   RO         3757    i.HC_SR04Init       hc_sr04.o
    0x08000698   0x08000698   0x00000070   Code   RO         3758    i.HC_SR04TIM_Init   hc_sr04.o
    0x08000708   0x08000708   0x00000004   Code   RO         4763    i.HardFault_Handler  stm32f10x_it.o
    0x0800070c   0x0800070c   0x00000044   Code   RO         3250    i.LED_Init          led.o
    0x08000750   0x08000750   0x00000004   Code   RO         4764    i.MemManage_Handler  stm32f10x_it.o
    0x08000754   0x08000754   0x00000040   Code   RO         3672    i.Motor1_SetSpeed   motor.o
    0x08000794   0x08000794   0x00000040   Code   RO         3673    i.Motor2_SetSpeed   motor.o
    0x080007d4   0x080007d4   0x0000003c   Code   RO         3674    i.Motor3_SetSpeed   motor.o
    0x08000810   0x08000810   0x0000003c   Code   RO         3675    i.Motor4_SetSpeed   motor.o
    0x0800084c   0x0800084c   0x00000160   Code   RO         3676    i.Motor_Init        motor.o
    0x080009ac   0x080009ac   0x00000002   Code   RO         4765    i.NMI_Handler       stm32f10x_it.o
    0x080009ae   0x080009ae   0x00000002   PAD
    0x080009b0   0x080009b0   0x00000070   Code   RO          137    i.NVIC_Init         misc.o
    0x08000a20   0x08000a20   0x00000014   Code   RO          138    i.NVIC_PriorityGroupConfig  misc.o
    0x08000a34   0x08000a34   0x00000010   Code   RO         3798    i.PS2_CS_H          ps2.o
    0x08000a44   0x08000a44   0x00000010   Code   RO         3799    i.PS2_CS_L          ps2.o
    0x08000a54   0x08000a54   0x00000056   Code   RO         3801    i.PS2_Cmd           ps2.o
    0x08000aaa   0x08000aaa   0x00000002   PAD
    0x08000aac   0x08000aac   0x00000014   Code   RO         3802    i.PS2_DI            ps2.o
    0x08000ac0   0x08000ac0   0x00000010   Code   RO         3803    i.PS2_DO_H          ps2.o
    0x08000ad0   0x08000ad0   0x00000010   Code   RO         3804    i.PS2_DO_L          ps2.o
    0x08000ae0   0x08000ae0   0x0000000a   Code   RO         3805    i.PS2_Delay_US      ps2.o
    0x08000aea   0x08000aea   0x0000004e   Code   RO         3806    i.PS2_EnterConfing  ps2.o
    0x08000b38   0x08000b38   0x0000004e   Code   RO         3807    i.PS2_ExitConfing   ps2.o
    0x08000b86   0x08000b86   0x00000002   PAD
    0x08000b88   0x08000b88   0x00000044   Code   RO         3808    i.PS2_GPIO_Init     ps2.o
    0x08000bcc   0x08000bcc   0x0000002c   Code   RO         3809    i.PS2_Init          ps2.o
    0x08000bf8   0x08000bf8   0x0000004c   Code   RO         3810    i.PS2_ReadData      ps2.o
    0x08000c44   0x08000c44   0x00000010   Code   RO         3811    i.PS2_SCK_H         ps2.o
    0x08000c54   0x08000c54   0x00000010   Code   RO         3812    i.PS2_SCK_L         ps2.o
    0x08000c64   0x08000c64   0x00000036   Code   RO         3813    i.PS2_ShortPoll     ps2.o
    0x08000c9a   0x08000c9a   0x0000004e   Code   RO         3814    i.PS2_TurnOnAnalogMode  ps2.o
    0x08000ce8   0x08000ce8   0x00000002   Code   RO         4766    i.PendSV_Handler    stm32f10x_it.o
    0x08000cea   0x08000cea   0x00000002   PAD
    0x08000cec   0x08000cec   0x00000020   Code   RO         1775    i.RCC_APB1PeriphClockCmd  stm32f10x_rcc.o
    0x08000d0c   0x08000d0c   0x00000020   Code   RO         1777    i.RCC_APB2PeriphClockCmd  stm32f10x_rcc.o
    0x08000d2c   0x08000d2c   0x000000d4   Code   RO         1785    i.RCC_GetClocksFreq  stm32f10x_rcc.o
    0x08000e00   0x08000e00   0x00000002   Code   RO         4767    i.SVC_Handler       stm32f10x_it.o
    0x08000e02   0x08000e02   0x00000002   PAD
    0x08000e04   0x08000e04   0x00000010   Code   RO         3949    i.Sensor0_Get_State  sensor.o
    0x08000e14   0x08000e14   0x00000010   Code   RO         3950    i.Sensor1_Get_State  sensor.o
    0x08000e24   0x08000e24   0x00000010   Code   RO         3951    i.Sensor2_Get_State  sensor.o
    0x08000e34   0x08000e34   0x00000010   Code   RO         3952    i.Sensor3_Get_State  sensor.o
    0x08000e44   0x08000e44   0x0000002c   Code   RO         3953    i.Sensor_Init       sensor.o
    0x08000e70   0x08000e70   0x00000008   Code   RO           24    i.SetSysClock       system_stm32f10x.o
    0x08000e78   0x08000e78   0x000000e0   Code   RO           25    i.SetSysClockTo72   system_stm32f10x.o
    0x08000f58   0x08000f58   0x000000a4   Code   RO         3759    i.Sonar             hc_sr04.o
    0x08000ffc   0x08000ffc   0x00000020   Code   RO         3505    i.StringToInt       usart.o
    0x0800101c   0x0800101c   0x00000002   Code   RO         4768    i.SysTick_Handler   stm32f10x_it.o
    0x0800101e   0x0800101e   0x00000002   PAD
    0x08001020   0x08001020   0x00000060   Code   RO           27    i.SystemInit        system_stm32f10x.o
    0x08001080   0x08001080   0x00000024   Code   RO         4667    i.TIM1_UP_IRQHandler  main.o
    0x080010a4   0x080010a4   0x0000002c   Code   RO         3760    i.TIM3_IRQHandler   hc_sr04.o
    0x080010d0   0x080010d0   0x00000006   Code   RO         2415    i.TIM_ClearFlag     stm32f10x_tim.o
    0x080010d6   0x080010d6   0x00000006   Code   RO         2416    i.TIM_ClearITPendingBit  stm32f10x_tim.o
    0x080010dc   0x080010dc   0x00000018   Code   RO         2421    i.TIM_Cmd           stm32f10x_tim.o
    0x080010f4   0x080010f4   0x0000001e   Code   RO         2423    i.TIM_CtrlPWMOutputs  stm32f10x_tim.o
    0x08001112   0x08001112   0x00000006   Code   RO         2436    i.TIM_GetCapture1   stm32f10x_tim.o
    0x08001118   0x08001118   0x00000006   Code   RO         2437    i.TIM_GetCapture2   stm32f10x_tim.o
    0x0800111e   0x0800111e   0x00000006   Code   RO         2438    i.TIM_GetCapture3   stm32f10x_tim.o
    0x08001124   0x08001124   0x00000008   Code   RO         2439    i.TIM_GetCapture4   stm32f10x_tim.o
    0x0800112c   0x0800112c   0x00000022   Code   RO         2442    i.TIM_GetITStatus   stm32f10x_tim.o
    0x0800114e   0x0800114e   0x00000012   Code   RO         2446    i.TIM_ITConfig      stm32f10x_tim.o
    0x08001160   0x08001160   0x0000000c   Code   RO         2448    i.TIM_InternalClockConfig  stm32f10x_tim.o
    0x0800116c   0x0800116c   0x00000098   Code   RO         2450    i.TIM_OC1Init       stm32f10x_tim.o
    0x08001204   0x08001204   0x000000a4   Code   RO         2455    i.TIM_OC2Init       stm32f10x_tim.o
    0x080012a8   0x080012a8   0x000000a0   Code   RO         2460    i.TIM_OC3Init       stm32f10x_tim.o
    0x08001348   0x08001348   0x0000007c   Code   RO         2465    i.TIM_OC4Init       stm32f10x_tim.o
    0x080013c4   0x080013c4   0x00000014   Code   RO         2468    i.TIM_OCStructInit  stm32f10x_tim.o
    0x080013d8   0x080013d8   0x00000004   Code   RO         2482    i.TIM_SetCompare1   stm32f10x_tim.o
    0x080013dc   0x080013dc   0x00000004   Code   RO         2483    i.TIM_SetCompare2   stm32f10x_tim.o
    0x080013e0   0x080013e0   0x00000004   Code   RO         2484    i.TIM_SetCompare3   stm32f10x_tim.o
    0x080013e4   0x080013e4   0x00000006   Code   RO         2485    i.TIM_SetCompare4   stm32f10x_tim.o
    0x080013ea   0x080013ea   0x00000002   PAD
    0x080013ec   0x080013ec   0x000000a4   Code   RO         2492    i.TIM_TimeBaseInit  stm32f10x_tim.o
    0x08001490   0x08001490   0x00000154   Code   RO         3506    i.USART1_IRQHandler  usart.o
    0x080015e4   0x080015e4   0x0000001e   Code   RO         2957    i.USART_ClearITPendingBit  stm32f10x_usart.o
    0x08001602   0x08001602   0x00000018   Code   RO         2960    i.USART_Cmd         stm32f10x_usart.o
    0x0800161a   0x0800161a   0x0000001a   Code   RO         2963    i.USART_GetFlagStatus  stm32f10x_usart.o
    0x08001634   0x08001634   0x0000004a   Code   RO         2966    i.USART_ITConfig    stm32f10x_usart.o
    0x0800167e   0x0800167e   0x00000002   PAD
    0x08001680   0x08001680   0x000000d8   Code   RO         2967    i.USART_Init        stm32f10x_usart.o
    0x08001758   0x08001758   0x0000000a   Code   RO         2974    i.USART_ReceiveData  stm32f10x_usart.o
    0x08001762   0x08001762   0x00000008   Code   RO         2977    i.USART_SendData    stm32f10x_usart.o
    0x0800176a   0x0800176a   0x00000004   Code   RO         4769    i.UsageFault_Handler  stm32f10x_it.o
    0x0800176e   0x0800176e   0x00000002   PAD
    0x08001770   0x08001770   0x0000001c   Code   RO         3509    i.Usart1_GetRxFlag  usart.o
    0x0800178c   0x0800178c   0x000000b0   Code   RO         3510    i.Usart1_Init       usart.o
    0x0800183c   0x0800183c   0x0000001a   Code   RO         3512    i.Usart1_SendArray  usart.o
    0x08001856   0x08001856   0x00000002   PAD
    0x08001858   0x08001858   0x00000020   Code   RO         3513    i.Usart1_SendByte   usart.o
    0x08001878   0x08001878   0x0000000c   Code   RO         3139    i.WWDG_ClearFlag    stm32f10x_wwdg.o
    0x08001884   0x08001884   0x0000002c   Code   RO         3632    i.WWDG_IRQHandler   wdg.o
    0x080018b0   0x080018b0   0x00000010   Code   RO         3144    i.WWDG_SetCounter   stm32f10x_wwdg.o
    0x080018c0   0x080018c0   0x0000000e   Code   RO         5224    i.__scatterload_copy  mc_w.l(handlers.o)
    0x080018ce   0x080018ce   0x00000002   Code   RO         5225    i.__scatterload_null  mc_w.l(handlers.o)
    0x080018d0   0x080018d0   0x0000000e   Code   RO         5226    i.__scatterload_zeroinit  mc_w.l(handlers.o)
    0x080018de   0x080018de   0x00000002   PAD
    0x080018e0   0x080018e0   0x0000013c   Code   RO         4668    i.autoFollowOnlineMod  main.o
    0x08001a1c   0x08001a1c   0x0000006a   Code   RO         4669    i.autoFollowOnwaveMod  main.o
    0x08001a86   0x08001a86   0x00000002   PAD
    0x08001a88   0x08001a88   0x00000014   Code   RO         3519    i.getMod            usart.o
    0x08001a9c   0x08001a9c   0x0000000c   Code   RO         3520    i.getSendFlag       usart.o
    0x08001aa8   0x08001aa8   0x0000000c   Code   RO         3521    i.getWaveDistance   usart.o
    0x08001ab4   0x08001ab4   0x0000013c   Code   RO         4670    i.leverControlMod   main.o
    0x08001bf0   0x08001bf0   0x00000144   Code   RO         4671    i.main              main.o
    0x08001d34   0x08001d34   0x00000022   Code   RO         4672    i.nvic_Init         main.o
    0x08001d56   0x08001d56   0x00000002   PAD
    0x08001d58   0x08001d58   0x0000000c   Code   RO         3817    i.ps2_get_anolog_data  ps2.o
    0x08001d64   0x08001d64   0x0000001c   Code   RO         3818    i.ps2_get_key_state  ps2.o
    0x08001d80   0x08001d80   0x00000064   Code   RO         3819    i.ps2_key_serch     ps2.o
    0x08001de4   0x08001de4   0x00000034   Code   RO         3820    i.ps2_mode_get      ps2.o
    0x08001e18   0x08001e18   0x000000a4   Code   RO         4673    i.remoteControlMod  main.o
    0x08001ebc   0x08001ebc   0x0000000c   Code   RO         3522    i.setSendFlag       usart.o
    0x08001ec8   0x08001ec8   0x00000032   Code   RO         4674    i.workModController  main.o
    0x08001efa   0x08001efa   0x00000002   PAD
    0x08001efc   0x08001efc   0x00000020   Data   RO         5222    Region$$Table       anon$$obj.o


    Execution Region RW_IRAM1 (Exec base: 0x20000000, Load base: 0x08001f1c, Size: 0x00000558, Max: 0x00005000, ABSOLUTE)

    Exec Addr    Load Addr    Size         Type   Attr      Idx    E Section Name        Object

    0x20000000   0x08001f1c   0x00000014   Data   RW         1805    .data               stm32f10x_rcc.o
    0x20000014   0x08001f30   0x00000018   Data   RW         3524    .data               usart.o
    0x2000002c   0x08001f48   0x00000001   Data   RW         3634    .data               wdg.o
    0x2000002d   0x08001f49   0x00000001   PAD
    0x2000002e   0x08001f4a   0x00000002   Data   RW         3761    .data               hc_sr04.o
    0x20000030   0x08001f4c   0x00000090   Data   RW         3822    .data               ps2.o
    0x200000c0   0x08001fdc   0x00000010   Data   RW         4676    .data               main.o
    0x200000d0        -       0x00000064   Zero   RW         3523    .bss                usart.o
    0x20000134        -       0x00000015   Zero   RW         3821    .bss                ps2.o
    0x20000149        -       0x0000000a   Zero   RW         4675    .bss                main.o
    0x20000153   0x08001fec   0x00000005   PAD
    0x20000158        -       0x00000400   Zero   RW            1    STACK               startup_stm32f10x_md.o


==============================================================================

Image component sizes


      Code (inc. data)   RO Data    RW Data    ZI Data      Debug   Object Name

         0          0          0          0          0       4524   core_cm3.o
        70          0          0          0          0        850   delay.o
       412         48          0          2          0       2517   hc_sr04.o
        68         10          0          0          0        427   led.o
      1346         74          0         16         10       5318   main.o
       132         22          0          0          0     204571   misc.o
       864         22          0          0          0       5993   motor.o
       880         72          0        144         21       9402   ps2.o
       108         22          0          0          0       2150   sensor.o
        36          8        236          0       1024        780   startup_stm32f10x_md.o
         0          0          0          0          0       1620   stm32f10x_adc.o
       458          6          0          0          0      12830   stm32f10x_gpio.o
        26          0          0          0          0       3398   stm32f10x_it.o
       276         32          0         20          0      12734   stm32f10x_rcc.o
       958         92          0          0          0      31460   stm32f10x_tim.o
       388          6          0          0          0      11411   stm32f10x_usart.o
        28         10          0          0          0        823   stm32f10x_wwdg.o
       328         28          0          0          0      44913   system_stm32f10x.o
       690         80          0         24        100       6816   usart.o
        44          4          0          1          0        604   wdg.o

    ----------------------------------------------------------------------
      7140        536        268        208       1160     363141   Object Totals
         0          0         32          0          0          0   (incl. Generated)
        28          0          0          1          5          0   (incl. Padding)

    ----------------------------------------------------------------------

      Code (inc. data)   RO Data    RW Data    ZI Data      Debug   Library Member Name

         0          0          0          0          0          0   entry.o
         0          0          0          0          0          0   entry10a.o
         0          0          0          0          0          0   entry11a.o
         4          0          0          0          0          0   entry12b.o
         8          4          0          0          0          0   entry2.o
         4          0          0          0          0          0   entry5.o
         0          0          0          0          0          0   entry7b.o
         0          0          0          0          0          0   entry8b.o
         8          4          0          0          0          0   entry9a.o
        30          0          0          0          0          0   handlers.o
        36          8          0          0          0         68   init.o
         0          0          0          0          0          0   iusefp.o
        28          0          0          0          0         76   strcmp.o
       124          0          0          0          0         88   fdiv.o
       110          0          0          0          0        168   fepilogue.o
        50          0          0          0          0         68   ffixi.o
        40          0          0          0          0         68   ffixui.o
        10          0          0          0          0         68   ffltui.o
       100          0          0          0          0         76   fmul.o

    ----------------------------------------------------------------------
       556         16          0          0          0        680   Library Totals
         4          0          0          0          0          0   (incl. Padding)

    ----------------------------------------------------------------------

      Code (inc. data)   RO Data    RW Data    ZI Data      Debug   Library Name

       118         16          0          0          0        144   mc_w.l
       434          0          0          0          0        536   mf_w.l

    ----------------------------------------------------------------------
       556         16          0          0          0        680   Library Totals

    ----------------------------------------------------------------------

==============================================================================


      Code (inc. data)   RO Data    RW Data    ZI Data      Debug   

      7696        552        268        208       1160     357889   Grand Totals
      7696        552        268        208       1160     357889   ELF Image Totals
      7696        552        268        208          0          0   ROM Totals

==============================================================================

    Total RO  Size (Code + RO Data)                 7964 (   7.78kB)
    Total RW  Size (RW Data + ZI Data)              1368 (   1.34kB)
    Total ROM Size (Code + RO Data + RW Data)       8172 (   7.98kB)

==============================================================================

